2026-10-05T23:06:04.136091600  [INFO] rendering.FileSystemRasterRepository: Loaded from assets\fonts\test\standard\nil.tx in PT0.0020019S
2026-10-05T23:06:04.141185900  [INFO] rendering.FileSystemRasterRepository: Loaded from assets\fonts\test\standard\space.tx in PT0.0010001S
2026-10-05T23:06:04.141185900  [INFO] rendering.FileSystemRasterRepository: Loaded from assets\fonts\test\standard\bang.tx in PT0S
2026-10-05T23:06:04.142185500  [INFO] rendering.FileSystemRasterRepository: Loaded from assets\fonts\test\standard\quotation.tx in PT0S
2026-10-05T23:06:04.143188200  [INFO] rendering.FileSystemRasterRepository: Loaded from assets\fonts\test\standard\hash.tx in PT0.0010027S
2026-10-05T23:06:04.143622400  [INFO] rendering.FileSystemRasterRepository: Loaded from assets\fonts\test\standard\dollar.tx in PT0.0004342S
2026-10-05T23:06:04.143622400  [INFO] rendering.FileSystemRasterRepository: Loaded from assets\fonts\test\standard\percent.tx in PT0S
2026-10-05T23:06:04.143622400  [INFO] rendering.FileSystemRasterRepository: Loaded from assets\fonts\test\standard\ampersand.tx in PT0S
2026-10-05T23:06:04.143622400  [INFO] rendering.FileSystemRasterRepository: Loaded from assets\fonts\test\standard\apostrophe.tx in PT0S
2026-10-05T23:06:04.144626800  [INFO] rendering.FileSystemRasterRepository: Loaded from assets\fonts\test\standard\left_paren.tx in PT0S
2026-10-05T23:06:04.144626800  [INFO] rendering.FileSystemRasterRepository: Loaded from assets\fonts\test\standard\right_paren.tx in PT0S
2026-10-05T23:06:04.144626800  [INFO] rendering.FileSystemRasterRepository: Loaded from assets\fonts\test\standard\star.tx in PT0S
2026-10-05T23:06:04.144626800  [INFO] rendering.FileSystemRasterRepository: Loaded from assets\fonts\test\standard\plus.tx in PT0S
2026-10-05T23:06:04.146144200  [INFO] rendering.FileSystemRasterRepository: Loaded from assets\fonts\test\standard\comma.tx in PT0.0015174S
2026-10-05T23:06:04.146144200  [INFO] rendering.FileSystemRasterRepository: Loaded from assets\fonts\test\standard\hyphen.tx in PT0S
2026-10-05T23:06:04.146144200  [INFO] rendering.FileSystemRasterRepository: Loaded from assets\fonts\test\standard\dot.tx in PT0S
2026-10-05T23:06:04.147149600  [INFO] rendering.FileSystemRasterRepository: Loaded from assets\fonts\test\standard\slash.tx in PT0S
2026-10-05T23:06:04.147149600  [INFO] rendering.FileSystemRasterRepository: Loaded from assets\fonts\test\standard\0.tx in PT0S
2026-10-05T23:06:04.147149600  [INFO] rendering.FileSystemRasterRepository: Loaded from assets\fonts\test\standard\1.tx in PT0S
2026-10-05T23:06:04.148148000  [INFO] rendering.FileSystemRasterRepository: Loaded from assets\fonts\test\standard\2.tx in PT0.0009984S
2026-10-05T23:06:04.148148000  [INFO] rendering.FileSystemRasterRepository: Loaded from assets\fonts\test\standard\3.tx in PT0S
2026-10-05T23:06:04.148148000  [INFO] rendering.FileSystemRasterRepository: Loaded from assets\fonts\test\standard\4.tx in PT0S
2026-10-05T23:06:04.148148000  [INFO] rendering.FileSystemRasterRepository: Loaded from assets\fonts\test\standard\5.tx in PT0S
2026-10-05T23:06:04.149148000  [INFO] rendering.FileSystemRasterRepository: Loaded from assets\fonts\test\standard\6.tx in PT0.001S
2026-10-05T23:06:04.149148000  [INFO] rendering.FileSystemRasterRepository: Loaded from assets\fonts\test\standard\7.tx in PT0S
2026-10-05T23:06:04.149148000  [INFO] rendering.FileSystemRasterRepository: Loaded from assets\fonts\test\standard\8.tx in PT0S
2026-10-05T23:06:04.150149400  [INFO] rendering.FileSystemRasterRepository: Loaded from assets\fonts\test\standard\9.tx in PT0S
2026-10-05T23:06:04.150149400  [INFO] rendering.FileSystemRasterRepository: Loaded from assets\fonts\test\standard\colon.tx in PT0S
2026-10-05T23:06:04.150149400  [INFO] rendering.FileSystemRasterRepository: Loaded from assets\fonts\test\standard\semicolon.tx in PT0S
2026-10-05T23:06:04.151148400  [INFO] rendering.FileSystemRasterRepository: Loaded from assets\fonts\test\standard\less_than.tx in PT0S
2026-10-05T23:06:04.151148400  [INFO] rendering.FileSystemRasterRepository: Loaded from assets\fonts\test\standard\equal.tx in PT0S
2026-10-05T23:06:04.152149500  [INFO] rendering.FileSystemRasterRepository: Loaded from assets\fonts\test\standard\greater_than.tx in PT0.0010011S
2026-10-05T23:06:04.152149500  [INFO] rendering.FileSystemRasterRepository: Loaded from assets\fonts\test\standard\question.tx in PT0S
2026-10-05T23:06:04.152149500  [INFO] rendering.FileSystemRasterRepository: Loaded from assets\fonts\test\standard\at.tx in PT0S
2026-10-05T23:06:04.153148000  [INFO] rendering.FileSystemRasterRepository: Loaded from assets\fonts\test\standard\left_square_bracket.tx in PT0.0009985S
2026-10-05T23:06:04.153148000  [INFO] rendering.FileSystemRasterRepository: Loaded from assets\fonts\test\standard\backslash.tx in PT0S
2026-10-05T23:06:04.153148000  [INFO] rendering.FileSystemRasterRepository: Loaded from assets\fonts\test\standard\right_square_bracket.tx in PT0S
2026-10-05T23:06:04.153148000  [INFO] rendering.FileSystemRasterRepository: Loaded from assets\fonts\test\standard\caret.tx in PT0S
2026-10-05T23:06:04.154147800  [INFO] rendering.FileSystemRasterRepository: Loaded from assets\fonts\test\standard\underscore.tx in PT0S
2026-10-05T23:06:04.154147800  [INFO] rendering.FileSystemRasterRepository: Loaded from assets\fonts\test\standard\grave.tx in PT0S
2026-10-05T23:06:04.154147800  [INFO] rendering.FileSystemRasterRepository: Loaded from assets\fonts\test\standard\a.tx in PT0S
2026-10-05T23:06:04.155148300  [INFO] rendering.FileSystemRasterRepository: Loaded from assets\fonts\test\standard\b.tx in PT0.0010005S
2026-10-05T23:06:04.155148300  [INFO] rendering.FileSystemRasterRepository: Loaded from assets\fonts\test\standard\c.tx in PT0S
2026-10-05T23:06:04.155148300  [INFO] rendering.FileSystemRasterRepository: Loaded from assets\fonts\test\standard\d.tx in PT0S
2026-10-05T23:06:04.155148300  [INFO] rendering.FileSystemRasterRepository: Loaded from assets\fonts\test\standard\e.tx in PT0S
2026-10-05T23:06:04.156148700  [INFO] rendering.FileSystemRasterRepository: Loaded from assets\fonts\test\standard\f.tx in PT0.0010004S
2026-10-05T23:06:04.156148700  [INFO] rendering.FileSystemRasterRepository: Loaded from assets\fonts\test\standard\g.tx in PT0S
2026-10-05T23:06:04.156148700  [INFO] rendering.FileSystemRasterRepository: Loaded from assets\fonts\test\standard\h.tx in PT0S
2026-10-05T23:06:04.156148700  [INFO] rendering.FileSystemRasterRepository: Loaded from assets\fonts\test\standard\i.tx in PT0S
2026-10-05T23:06:04.157233600  [INFO] rendering.FileSystemRasterRepository: Loaded from assets\fonts\test\standard\j.tx in PT0S
2026-10-05T23:06:04.157233600  [INFO] rendering.FileSystemRasterRepository: Loaded from assets\fonts\test\standard\k.tx in PT0S
2026-10-05T23:06:04.157233600  [INFO] rendering.FileSystemRasterRepository: Loaded from assets\fonts\test\standard\l.tx in PT0S
2026-10-05T23:06:04.158237800  [INFO] rendering.FileSystemRasterRepository: Loaded from assets\fonts\test\standard\m.tx in PT0S
2026-10-05T23:06:04.158237800  [INFO] rendering.FileSystemRasterRepository: Loaded from assets\fonts\test\standard\n.tx in PT0S
2026-10-05T23:06:04.158237800  [INFO] rendering.FileSystemRasterRepository: Loaded from assets\fonts\test\standard\o.tx in PT0S
2026-10-05T23:06:04.159237700  [INFO] rendering.FileSystemRasterRepository: Loaded from assets\fonts\test\standard\p.tx in PT0.0009999S
2026-10-05T23:06:04.159237700  [INFO] rendering.FileSystemRasterRepository: Loaded from assets\fonts\test\standard\q.tx in PT0S
2026-10-05T23:06:04.159237700  [INFO] rendering.FileSystemRasterRepository: Loaded from assets\fonts\test\standard\r.tx in PT0S
2026-10-05T23:06:04.159237700  [INFO] rendering.FileSystemRasterRepository: Loaded from assets\fonts\test\standard\s.tx in PT0S
2026-10-05T23:06:04.160237600  [INFO] rendering.FileSystemRasterRepository: Loaded from assets\fonts\test\standard\t.tx in PT0.0009999S
2026-10-05T23:06:04.160237600  [INFO] rendering.FileSystemRasterRepository: Loaded from assets\fonts\test\standard\u.tx in PT0S
2026-10-05T23:06:04.160237600  [INFO] rendering.FileSystemRasterRepository: Loaded from assets\fonts\test\standard\v.tx in PT0S
2026-10-05T23:06:04.160237600  [INFO] rendering.FileSystemRasterRepository: Loaded from assets\fonts\test\standard\w.tx in PT0S
2026-10-05T23:06:04.161237700  [INFO] rendering.FileSystemRasterRepository: Loaded from assets\fonts\test\standard\x.tx in PT0.0010001S
2026-10-05T23:06:04.161237700  [INFO] rendering.FileSystemRasterRepository: Loaded from assets\fonts\test\standard\y.tx in PT0S
2026-10-05T23:06:04.161237700  [INFO] rendering.FileSystemRasterRepository: Loaded from assets\fonts\test\standard\z.tx in PT0S
2026-10-05T23:06:04.161237700  [INFO] rendering.FileSystemRasterRepository: Loaded from assets\fonts\test\standard\left_curly_brace.tx in PT0S
2026-10-05T23:06:04.161237700  [INFO] rendering.FileSystemRasterRepository: Loaded from assets\fonts\test\standard\pipe.tx in PT0S
2026-10-05T23:06:04.162239400  [INFO] rendering.FileSystemRasterRepository: Loaded from assets\fonts\test\standard\right_curly_brace.tx in PT0S
2026-10-05T23:06:04.162239400  [INFO] rendering.FileSystemRasterRepository: Loaded from assets\fonts\test\standard\tilde.tx in PT0S
2026-10-05T23:06:04.175259400  [INFO] rendering.FsFontLoader: Loaded font assets\fonts\test in PT0.0431682S
2026-10-05T23:06:04.426840600  [INFO] ui.BindingsLoader: Loaded 15 binding(s)
2026-10-05T23:06:04.438355500  [INFO] ui.BindingsLoader: Loaded 15 binding(s)
2026-10-05T23:06:04.485290600  [INFO] ui.BindingsLoader: Loaded 9 binding(s)
2026-10-05T23:06:04.486289300  [INFO] ui.BindingsLoader: Loaded 3 binding(s)
revision=ec6b24c38520618d2e5b21a31c69aab43dce1a48; working-tree source SHA256=7a6ebbdfd45a3e06fa0b1b92b8a4e6895dc8c821f9d03634584d618216f30ab3; args=glass depth=8 size=1440x900 samples=1 seed=1 workers=14 tile=32 warmup=30 frames=40
JDK=23.0.1+11-39; VM=OpenJDK 64-Bit Server VM; OS=Windows 11 amd64; CPU=Intel64 Family 6 Model 183 Stepping 1, GenuineIntel; processors=20
display=1440x900; sensor=1440x900; workers=14; tile=32; camera=Vec3[x=0.0, y=0.0, z=-1.0]; sensorGeometry=Rect[origin=Vec3[x=-0.8, y=-0.5, z=0.0], edge1=Vec3[x=1.6, y=0.0, z=0.0], edge2=Vec3[x=0.0, y=1.0, z=0.0]]
preset=glass; depth=8; seed=1; requestedSpp=1; acceleration=true; instances=13; primitives=24; exposure=0.0; raw uniform samples; reconstruction=off; motion=false
Headless: excludes AWT presentation, scheduler idle, and real input delivery. Motion changes the camera before each timed render; event-to-image latency and generation/cancellation metrics apply in P2.
Headless frame: median 88.70 ms, p95 96.44 ms
TRACE: median 77.13 ms, p95 85.08 ms
RESAMPLE: median 10.06 ms, p95 10.34 ms
PAINT: median 0.49 ms, p95 0.82 ms
BACKGROUND: median 0.00 ms, p95 0.00 ms
Aggregate CPU/wall cores: 10.85; frame allocated bytes/frame: 20047; trace bytes/frame: 7431; GC count=0 time=0 ms; measured spp=40
Scene: glass; acceleration=bvh; primitives=24; depth=8; spp/batch max=1; accumulated=70; seed=1; jittered progressive; rays: Rays[width=1440, height=900, primary=1296000, hits=812013, shadows=1029956, occluded=157488, lit=669210, traceNanos=73826800]
Trace throughput (primary + continuation + visibility): 50.31 Mrays/s
Trace profile: Stats[cpuNanos=859375000, allocatedBytes=7464, primaryTests=16742400, shadowTests=10551141, scene=glass, depth=8, samplesPerPixel=1, continuationRays=1605029, continuationTests=24066468, accumulatedSamples=70, samplingStatus=converging, seed=1, dielectricReflections=98580, dielectricTransmissions=478280, absorptionSegments=317460, areaLightSamples=0, emitterHits=0, roughEvents=0, volumeSegments=0, volumeEvents=0, volumeVisibilitySegments=0, workers=14, tileSize=32]
Trace execution samples: Snapshot[generation=0, intersection=0, lighting=0, shadow=0, status=off]
Stationary time to 8 spp (headless frame pipeline): 899.15 ms
