2026-10-05T23:05:55.807518100  [INFO] rendering.FileSystemRasterRepository: Loaded from assets\fonts\test\standard\nil.tx in PT0.0040345S
2026-10-05T23:05:55.815030200  [INFO] rendering.FileSystemRasterRepository: Loaded from assets\fonts\test\standard\space.tx in PT0S
2026-10-05T23:05:55.816030400  [INFO] rendering.FileSystemRasterRepository: Loaded from assets\fonts\test\standard\bang.tx in PT0.0010002S
2026-10-05T23:05:55.816535400  [INFO] rendering.FileSystemRasterRepository: Loaded from assets\fonts\test\standard\quotation.tx in PT0.000505S
2026-10-05T23:05:55.816535400  [INFO] rendering.FileSystemRasterRepository: Loaded from assets\fonts\test\standard\hash.tx in PT0S
2026-10-05T23:05:55.817540000  [INFO] rendering.FileSystemRasterRepository: Loaded from assets\fonts\test\standard\dollar.tx in PT0S
2026-10-05T23:05:55.817540000  [INFO] rendering.FileSystemRasterRepository: Loaded from assets\fonts\test\standard\percent.tx in PT0S
2026-10-05T23:05:55.818547000  [INFO] rendering.FileSystemRasterRepository: Loaded from assets\fonts\test\standard\ampersand.tx in PT0S
2026-10-05T23:05:55.818547000  [INFO] rendering.FileSystemRasterRepository: Loaded from assets\fonts\test\standard\apostrophe.tx in PT0S
2026-10-05T23:05:55.819546700  [INFO] rendering.FileSystemRasterRepository: Loaded from assets\fonts\test\standard\left_paren.tx in PT0.0009997S
2026-10-05T23:05:55.819546700  [INFO] rendering.FileSystemRasterRepository: Loaded from assets\fonts\test\standard\right_paren.tx in PT0S
2026-10-05T23:05:55.820548200  [INFO] rendering.FileSystemRasterRepository: Loaded from assets\fonts\test\standard\star.tx in PT0.0010015S
2026-10-05T23:05:55.820548200  [INFO] rendering.FileSystemRasterRepository: Loaded from assets\fonts\test\standard\plus.tx in PT0S
2026-10-05T23:05:55.820548200  [INFO] rendering.FileSystemRasterRepository: Loaded from assets\fonts\test\standard\comma.tx in PT0S
2026-10-05T23:05:55.821547900  [INFO] rendering.FileSystemRasterRepository: Loaded from assets\fonts\test\standard\hyphen.tx in PT0.0009997S
2026-10-05T23:05:55.821547900  [INFO] rendering.FileSystemRasterRepository: Loaded from assets\fonts\test\standard\dot.tx in PT0S
2026-10-05T23:05:55.821547900  [INFO] rendering.FileSystemRasterRepository: Loaded from assets\fonts\test\standard\slash.tx in PT0S
2026-10-05T23:05:55.822547700  [INFO] rendering.FileSystemRasterRepository: Loaded from assets\fonts\test\standard\0.tx in PT0S
2026-10-05T23:05:55.822547700  [INFO] rendering.FileSystemRasterRepository: Loaded from assets\fonts\test\standard\1.tx in PT0S
2026-10-05T23:05:55.823548500  [INFO] rendering.FileSystemRasterRepository: Loaded from assets\fonts\test\standard\2.tx in PT0.0010008S
2026-10-05T23:05:55.823548500  [INFO] rendering.FileSystemRasterRepository: Loaded from assets\fonts\test\standard\3.tx in PT0S
2026-10-05T23:05:55.824548000  [INFO] rendering.FileSystemRasterRepository: Loaded from assets\fonts\test\standard\4.tx in PT0.0009995S
2026-10-05T23:05:55.824548000  [INFO] rendering.FileSystemRasterRepository: Loaded from assets\fonts\test\standard\5.tx in PT0S
2026-10-05T23:05:55.824548000  [INFO] rendering.FileSystemRasterRepository: Loaded from assets\fonts\test\standard\6.tx in PT0S
2026-10-05T23:05:55.824548000  [INFO] rendering.FileSystemRasterRepository: Loaded from assets\fonts\test\standard\7.tx in PT0S
2026-10-05T23:05:55.826052700  [INFO] rendering.FileSystemRasterRepository: Loaded from assets\fonts\test\standard\8.tx in PT0S
2026-10-05T23:05:55.826052700  [INFO] rendering.FileSystemRasterRepository: Loaded from assets\fonts\test\standard\9.tx in PT0S
2026-10-05T23:05:55.826052700  [INFO] rendering.FileSystemRasterRepository: Loaded from assets\fonts\test\standard\colon.tx in PT0S
2026-10-05T23:05:55.827588700  [INFO] rendering.FileSystemRasterRepository: Loaded from assets\fonts\test\standard\semicolon.tx in PT0.001536S
2026-10-05T23:05:55.827588700  [INFO] rendering.FileSystemRasterRepository: Loaded from assets\fonts\test\standard\less_than.tx in PT0S
2026-10-05T23:05:55.828600600  [INFO] rendering.FileSystemRasterRepository: Loaded from assets\fonts\test\standard\equal.tx in PT0.0010119S
2026-10-05T23:05:55.828600600  [INFO] rendering.FileSystemRasterRepository: Loaded from assets\fonts\test\standard\greater_than.tx in PT0S
2026-10-05T23:05:55.828600600  [INFO] rendering.FileSystemRasterRepository: Loaded from assets\fonts\test\standard\question.tx in PT0S
2026-10-05T23:05:55.829598000  [INFO] rendering.FileSystemRasterRepository: Loaded from assets\fonts\test\standard\at.tx in PT0S
2026-10-05T23:05:55.829598000  [INFO] rendering.FileSystemRasterRepository: Loaded from assets\fonts\test\standard\left_square_bracket.tx in PT0S
2026-10-05T23:05:55.830600500  [INFO] rendering.FileSystemRasterRepository: Loaded from assets\fonts\test\standard\backslash.tx in PT0.0010025S
2026-10-05T23:05:55.830600500  [INFO] rendering.FileSystemRasterRepository: Loaded from assets\fonts\test\standard\right_square_bracket.tx in PT0S
2026-10-05T23:05:55.831599900  [INFO] rendering.FileSystemRasterRepository: Loaded from assets\fonts\test\standard\caret.tx in PT0.0009994S
2026-10-05T23:05:55.831599900  [INFO] rendering.FileSystemRasterRepository: Loaded from assets\fonts\test\standard\underscore.tx in PT0S
2026-10-05T23:05:55.832599100  [INFO] rendering.FileSystemRasterRepository: Loaded from assets\fonts\test\standard\grave.tx in PT0S
2026-10-05T23:05:55.833598300  [INFO] rendering.FileSystemRasterRepository: Loaded from assets\fonts\test\standard\a.tx in PT0S
2026-10-05T23:05:55.833598300  [INFO] rendering.FileSystemRasterRepository: Loaded from assets\fonts\test\standard\b.tx in PT0S
2026-10-05T23:05:55.834597700  [INFO] rendering.FileSystemRasterRepository: Loaded from assets\fonts\test\standard\c.tx in PT0.0009994S
2026-10-05T23:05:55.834597700  [INFO] rendering.FileSystemRasterRepository: Loaded from assets\fonts\test\standard\d.tx in PT0S
2026-10-05T23:05:55.834597700  [INFO] rendering.FileSystemRasterRepository: Loaded from assets\fonts\test\standard\e.tx in PT0S
2026-10-05T23:05:55.834597700  [INFO] rendering.FileSystemRasterRepository: Loaded from assets\fonts\test\standard\f.tx in PT0S
2026-10-05T23:05:55.836103500  [INFO] rendering.FileSystemRasterRepository: Loaded from assets\fonts\test\standard\g.tx in PT0.0015058S
2026-10-05T23:05:55.836103500  [INFO] rendering.FileSystemRasterRepository: Loaded from assets\fonts\test\standard\h.tx in PT0S
2026-10-05T23:05:55.837110900  [INFO] rendering.FileSystemRasterRepository: Loaded from assets\fonts\test\standard\i.tx in PT0.0010074S
2026-10-05T23:05:55.837110900  [INFO] rendering.FileSystemRasterRepository: Loaded from assets\fonts\test\standard\j.tx in PT0S
2026-10-05T23:05:55.837110900  [INFO] rendering.FileSystemRasterRepository: Loaded from assets\fonts\test\standard\k.tx in PT0S
2026-10-05T23:05:55.838166400  [INFO] rendering.FileSystemRasterRepository: Loaded from assets\fonts\test\standard\l.tx in PT0.0010555S
2026-10-05T23:05:55.839166300  [INFO] rendering.FileSystemRasterRepository: Loaded from assets\fonts\test\standard\m.tx in PT0.0009999S
2026-10-05T23:05:55.839166300  [INFO] rendering.FileSystemRasterRepository: Loaded from assets\fonts\test\standard\n.tx in PT0S
2026-10-05T23:05:55.839166300  [INFO] rendering.FileSystemRasterRepository: Loaded from assets\fonts\test\standard\o.tx in PT0S
2026-10-05T23:05:55.840165800  [INFO] rendering.FileSystemRasterRepository: Loaded from assets\fonts\test\standard\p.tx in PT0S
2026-10-05T23:05:55.840165800  [INFO] rendering.FileSystemRasterRepository: Loaded from assets\fonts\test\standard\q.tx in PT0S
2026-10-05T23:05:55.841165700  [INFO] rendering.FileSystemRasterRepository: Loaded from assets\fonts\test\standard\r.tx in PT0.0009999S
2026-10-05T23:05:55.841165700  [INFO] rendering.FileSystemRasterRepository: Loaded from assets\fonts\test\standard\s.tx in PT0S
2026-10-05T23:05:55.841165700  [INFO] rendering.FileSystemRasterRepository: Loaded from assets\fonts\test\standard\t.tx in PT0S
2026-10-05T23:05:55.841165700  [INFO] rendering.FileSystemRasterRepository: Loaded from assets\fonts\test\standard\u.tx in PT0S
2026-10-05T23:05:55.842166400  [INFO] rendering.FileSystemRasterRepository: Loaded from assets\fonts\test\standard\v.tx in PT0S
2026-10-05T23:05:55.842166400  [INFO] rendering.FileSystemRasterRepository: Loaded from assets\fonts\test\standard\w.tx in PT0S
2026-10-05T23:05:55.842166400  [INFO] rendering.FileSystemRasterRepository: Loaded from assets\fonts\test\standard\x.tx in PT0S
2026-10-05T23:05:55.843166800  [INFO] rendering.FileSystemRasterRepository: Loaded from assets\fonts\test\standard\y.tx in PT0S
2026-10-05T23:05:55.843166800  [INFO] rendering.FileSystemRasterRepository: Loaded from assets\fonts\test\standard\z.tx in PT0S
2026-10-05T23:05:55.843166800  [INFO] rendering.FileSystemRasterRepository: Loaded from assets\fonts\test\standard\left_curly_brace.tx in PT0S
2026-10-05T23:05:55.844166000  [INFO] rendering.FileSystemRasterRepository: Loaded from assets\fonts\test\standard\pipe.tx in PT0S
2026-10-05T23:05:55.844166000  [INFO] rendering.FileSystemRasterRepository: Loaded from assets\fonts\test\standard\right_curly_brace.tx in PT0S
2026-10-05T23:05:55.844166000  [INFO] rendering.FileSystemRasterRepository: Loaded from assets\fonts\test\standard\tilde.tx in PT0S
2026-10-05T23:05:55.860256200  [INFO] rendering.FsFontLoader: Loaded font assets\fonts\test in PT0.0577757S
2026-10-05T23:05:56.143358400  [INFO] ui.BindingsLoader: Loaded 15 binding(s)
2026-10-05T23:05:56.152598300  [INFO] ui.BindingsLoader: Loaded 15 binding(s)
2026-10-05T23:05:56.203277400  [INFO] ui.BindingsLoader: Loaded 9 binding(s)
2026-10-05T23:05:56.204277600  [INFO] ui.BindingsLoader: Loaded 3 binding(s)
revision=ec6b24c38520618d2e5b21a31c69aab43dce1a48; working-tree source SHA256=7a6ebbdfd45a3e06fa0b1b92b8a4e6895dc8c821f9d03634584d618216f30ab3; args=glass depth=8 size=1440x900 samples=1 seed=1 workers=14 tile=32 warmup=30 frames=40
JDK=23.0.1+11-39; VM=OpenJDK 64-Bit Server VM; OS=Windows 11 amd64; CPU=Intel64 Family 6 Model 183 Stepping 1, GenuineIntel; processors=20
display=1440x900; sensor=1440x900; workers=14; tile=32; camera=Vec3[x=0.0, y=0.0, z=-1.0]; sensorGeometry=Rect[origin=Vec3[x=-0.8, y=-0.5, z=0.0], edge1=Vec3[x=1.6, y=0.0, z=0.0], edge2=Vec3[x=0.0, y=1.0, z=0.0]]
preset=glass; depth=8; seed=1; requestedSpp=1; acceleration=true; instances=13; primitives=24; exposure=0.0; raw uniform samples; reconstruction=off; motion=false
Headless: excludes AWT presentation, scheduler idle, and real input delivery. Motion changes the camera before each timed render; event-to-image latency and generation/cancellation metrics apply in P2.
Headless frame: median 86.36 ms, p95 90.84 ms
TRACE: median 74.82 ms, p95 79.54 ms
RESAMPLE: median 10.10 ms, p95 10.81 ms
PAINT: median 0.45 ms, p95 0.83 ms
BACKGROUND: median 0.00 ms, p95 0.00 ms
Aggregate CPU/wall cores: 10.78; frame allocated bytes/frame: 19998; trace bytes/frame: 7382; GC count=0 time=0 ms; measured spp=40
Scene: glass; acceleration=bvh; primitives=24; depth=8; spp/batch max=1; accumulated=70; seed=1; jittered progressive; rays: Rays[width=1440, height=900, primary=1296000, hits=812013, shadows=1029956, occluded=157488, lit=669210, traceNanos=77354500]
Trace throughput (primary + continuation + visibility): 51.99 Mrays/s
Trace profile: Stats[cpuNanos=1093750000, allocatedBytes=7440, primaryTests=16742400, shadowTests=10551141, scene=glass, depth=8, samplesPerPixel=1, continuationRays=1605029, continuationTests=24066468, accumulatedSamples=70, samplingStatus=converging, seed=1, dielectricReflections=98580, dielectricTransmissions=478280, absorptionSegments=317460, areaLightSamples=0, emitterHits=0, roughEvents=0, volumeSegments=0, volumeEvents=0, volumeVisibilitySegments=0, workers=14, tileSize=32]
Trace execution samples: Snapshot[generation=0, intersection=0, lighting=0, shadow=0, status=off]
Stationary time to 8 spp (headless frame pipeline): 736.61 ms
