2026-10-05T16:19:12.616841000  [INFO] rendering.FileSystemRasterRepository: Loaded from assets\fonts\test\standard\nil.tx in PT0.0031516S
2026-10-05T16:19:12.620842500  [INFO] rendering.FileSystemRasterRepository: Loaded from assets\fonts\test\standard\space.tx in PT0.001002S
2026-10-05T16:19:12.620842500  [INFO] rendering.FileSystemRasterRepository: Loaded from assets\fonts\test\standard\bang.tx in PT0S
2026-10-05T16:19:12.620842500  [INFO] rendering.FileSystemRasterRepository: Loaded from assets\fonts\test\standard\quotation.tx in PT0S
2026-10-05T16:19:12.621841600  [INFO] rendering.FileSystemRasterRepository: Loaded from assets\fonts\test\standard\hash.tx in PT0.0009991S
2026-10-05T16:19:12.621841600  [INFO] rendering.FileSystemRasterRepository: Loaded from assets\fonts\test\standard\dollar.tx in PT0S
2026-10-05T16:19:12.621841600  [INFO] rendering.FileSystemRasterRepository: Loaded from assets\fonts\test\standard\percent.tx in PT0S
2026-10-05T16:19:12.621841600  [INFO] rendering.FileSystemRasterRepository: Loaded from assets\fonts\test\standard\ampersand.tx in PT0S
2026-10-05T16:19:12.621841600  [INFO] rendering.FileSystemRasterRepository: Loaded from assets\fonts\test\standard\apostrophe.tx in PT0S
2026-10-05T16:19:12.621841600  [INFO] rendering.FileSystemRasterRepository: Loaded from assets\fonts\test\standard\left_paren.tx in PT0S
2026-10-05T16:19:12.621841600  [INFO] rendering.FileSystemRasterRepository: Loaded from assets\fonts\test\standard\right_paren.tx in PT0S
2026-10-05T16:19:12.621841600  [INFO] rendering.FileSystemRasterRepository: Loaded from assets\fonts\test\standard\star.tx in PT0S
2026-10-05T16:19:12.621841600  [INFO] rendering.FileSystemRasterRepository: Loaded from assets\fonts\test\standard\plus.tx in PT0S
2026-10-05T16:19:12.621841600  [INFO] rendering.FileSystemRasterRepository: Loaded from assets\fonts\test\standard\comma.tx in PT0S
2026-10-05T16:19:12.621841600  [INFO] rendering.FileSystemRasterRepository: Loaded from assets\fonts\test\standard\hyphen.tx in PT0S
2026-10-05T16:19:12.621841600  [INFO] rendering.FileSystemRasterRepository: Loaded from assets\fonts\test\standard\dot.tx in PT0S
2026-10-05T16:19:12.621841600  [INFO] rendering.FileSystemRasterRepository: Loaded from assets\fonts\test\standard\slash.tx in PT0S
2026-10-05T16:19:12.621841600  [INFO] rendering.FileSystemRasterRepository: Loaded from assets\fonts\test\standard\0.tx in PT0S
2026-10-05T16:19:12.621841600  [INFO] rendering.FileSystemRasterRepository: Loaded from assets\fonts\test\standard\1.tx in PT0S
2026-10-05T16:19:12.621841600  [INFO] rendering.FileSystemRasterRepository: Loaded from assets\fonts\test\standard\2.tx in PT0S
2026-10-05T16:19:12.621841600  [INFO] rendering.FileSystemRasterRepository: Loaded from assets\fonts\test\standard\3.tx in PT0S
2026-10-05T16:19:12.621841600  [INFO] rendering.FileSystemRasterRepository: Loaded from assets\fonts\test\standard\4.tx in PT0S
2026-10-05T16:19:12.621841600  [INFO] rendering.FileSystemRasterRepository: Loaded from assets\fonts\test\standard\5.tx in PT0S
2026-10-05T16:19:12.621841600  [INFO] rendering.FileSystemRasterRepository: Loaded from assets\fonts\test\standard\6.tx in PT0S
2026-10-05T16:19:12.621841600  [INFO] rendering.FileSystemRasterRepository: Loaded from assets\fonts\test\standard\7.tx in PT0S
2026-10-05T16:19:12.621841600  [INFO] rendering.FileSystemRasterRepository: Loaded from assets\fonts\test\standard\8.tx in PT0S
2026-10-05T16:19:12.621841600  [INFO] rendering.FileSystemRasterRepository: Loaded from assets\fonts\test\standard\9.tx in PT0S
2026-10-05T16:19:12.621841600  [INFO] rendering.FileSystemRasterRepository: Loaded from assets\fonts\test\standard\colon.tx in PT0S
2026-10-05T16:19:12.621841600  [INFO] rendering.FileSystemRasterRepository: Loaded from assets\fonts\test\standard\semicolon.tx in PT0S
2026-10-05T16:19:12.621841600  [INFO] rendering.FileSystemRasterRepository: Loaded from assets\fonts\test\standard\less_than.tx in PT0S
2026-10-05T16:19:12.621841600  [INFO] rendering.FileSystemRasterRepository: Loaded from assets\fonts\test\standard\equal.tx in PT0S
2026-10-05T16:19:12.621841600  [INFO] rendering.FileSystemRasterRepository: Loaded from assets\fonts\test\standard\greater_than.tx in PT0S
2026-10-05T16:19:12.621841600  [INFO] rendering.FileSystemRasterRepository: Loaded from assets\fonts\test\standard\question.tx in PT0S
2026-10-05T16:19:12.621841600  [INFO] rendering.FileSystemRasterRepository: Loaded from assets\fonts\test\standard\at.tx in PT0S
2026-10-05T16:19:12.621841600  [INFO] rendering.FileSystemRasterRepository: Loaded from assets\fonts\test\standard\left_square_bracket.tx in PT0S
2026-10-05T16:19:12.621841600  [INFO] rendering.FileSystemRasterRepository: Loaded from assets\fonts\test\standard\backslash.tx in PT0S
2026-10-05T16:19:12.621841600  [INFO] rendering.FileSystemRasterRepository: Loaded from assets\fonts\test\standard\right_square_bracket.tx in PT0S
2026-10-05T16:19:12.621841600  [INFO] rendering.FileSystemRasterRepository: Loaded from assets\fonts\test\standard\caret.tx in PT0S
2026-10-05T16:19:12.621841600  [INFO] rendering.FileSystemRasterRepository: Loaded from assets\fonts\test\standard\underscore.tx in PT0S
2026-10-05T16:19:12.621841600  [INFO] rendering.FileSystemRasterRepository: Loaded from assets\fonts\test\standard\grave.tx in PT0S
2026-10-05T16:19:12.621841600  [INFO] rendering.FileSystemRasterRepository: Loaded from assets\fonts\test\standard\a.tx in PT0S
2026-10-05T16:19:12.621841600  [INFO] rendering.FileSystemRasterRepository: Loaded from assets\fonts\test\standard\b.tx in PT0S
2026-10-05T16:19:12.621841600  [INFO] rendering.FileSystemRasterRepository: Loaded from assets\fonts\test\standard\c.tx in PT0S
2026-10-05T16:19:12.621841600  [INFO] rendering.FileSystemRasterRepository: Loaded from assets\fonts\test\standard\d.tx in PT0S
2026-10-05T16:19:12.621841600  [INFO] rendering.FileSystemRasterRepository: Loaded from assets\fonts\test\standard\e.tx in PT0S
2026-10-05T16:19:12.621841600  [INFO] rendering.FileSystemRasterRepository: Loaded from assets\fonts\test\standard\f.tx in PT0S
2026-10-05T16:19:12.621841600  [INFO] rendering.FileSystemRasterRepository: Loaded from assets\fonts\test\standard\g.tx in PT0S
2026-10-05T16:19:12.621841600  [INFO] rendering.FileSystemRasterRepository: Loaded from assets\fonts\test\standard\h.tx in PT0S
2026-10-05T16:19:12.621841600  [INFO] rendering.FileSystemRasterRepository: Loaded from assets\fonts\test\standard\i.tx in PT0S
2026-10-05T16:19:12.621841600  [INFO] rendering.FileSystemRasterRepository: Loaded from assets\fonts\test\standard\j.tx in PT0S
2026-10-05T16:19:12.621841600  [INFO] rendering.FileSystemRasterRepository: Loaded from assets\fonts\test\standard\k.tx in PT0S
2026-10-05T16:19:12.621841600  [INFO] rendering.FileSystemRasterRepository: Loaded from assets\fonts\test\standard\l.tx in PT0S
2026-10-05T16:19:12.621841600  [INFO] rendering.FileSystemRasterRepository: Loaded from assets\fonts\test\standard\m.tx in PT0S
2026-10-05T16:19:12.621841600  [INFO] rendering.FileSystemRasterRepository: Loaded from assets\fonts\test\standard\n.tx in PT0S
2026-10-05T16:19:12.637485300  [INFO] rendering.FileSystemRasterRepository: Loaded from assets\fonts\test\standard\o.tx in PT0S
2026-10-05T16:19:12.637485300  [INFO] rendering.FileSystemRasterRepository: Loaded from assets\fonts\test\standard\p.tx in PT0S
2026-10-05T16:19:12.637485300  [INFO] rendering.FileSystemRasterRepository: Loaded from assets\fonts\test\standard\q.tx in PT0S
2026-10-05T16:19:12.637485300  [INFO] rendering.FileSystemRasterRepository: Loaded from assets\fonts\test\standard\r.tx in PT0S
2026-10-05T16:19:12.637485300  [INFO] rendering.FileSystemRasterRepository: Loaded from assets\fonts\test\standard\s.tx in PT0S
2026-10-05T16:19:12.637485300  [INFO] rendering.FileSystemRasterRepository: Loaded from assets\fonts\test\standard\t.tx in PT0S
2026-10-05T16:19:12.637485300  [INFO] rendering.FileSystemRasterRepository: Loaded from assets\fonts\test\standard\u.tx in PT0S
2026-10-05T16:19:12.637485300  [INFO] rendering.FileSystemRasterRepository: Loaded from assets\fonts\test\standard\v.tx in PT0S
2026-10-05T16:19:12.637485300  [INFO] rendering.FileSystemRasterRepository: Loaded from assets\fonts\test\standard\w.tx in PT0S
2026-10-05T16:19:12.637485300  [INFO] rendering.FileSystemRasterRepository: Loaded from assets\fonts\test\standard\x.tx in PT0S
2026-10-05T16:19:12.640761200  [INFO] rendering.FileSystemRasterRepository: Loaded from assets\fonts\test\standard\y.tx in PT0.0032759S
2026-10-05T16:19:12.640761200  [INFO] rendering.FileSystemRasterRepository: Loaded from assets\fonts\test\standard\z.tx in PT0S
2026-10-05T16:19:12.640761200  [INFO] rendering.FileSystemRasterRepository: Loaded from assets\fonts\test\standard\left_curly_brace.tx in PT0S
2026-10-05T16:19:12.640761200  [INFO] rendering.FileSystemRasterRepository: Loaded from assets\fonts\test\standard\pipe.tx in PT0S
2026-10-05T16:19:12.640761200  [INFO] rendering.FileSystemRasterRepository: Loaded from assets\fonts\test\standard\right_curly_brace.tx in PT0S
2026-10-05T16:19:12.640761200  [INFO] rendering.FileSystemRasterRepository: Loaded from assets\fonts\test\standard\tilde.tx in PT0S
2026-10-05T16:19:12.652071400  [INFO] rendering.FsFontLoader: Loaded font assets\fonts\test in PT0.038382S
2026-10-05T16:19:12.853129900  [INFO] ui.BindingsLoader: Loaded 15 binding(s)
2026-10-05T16:19:12.868836800  [INFO] ui.BindingsLoader: Loaded 15 binding(s)
2026-10-05T16:19:12.914077100  [INFO] ui.BindingsLoader: Loaded 9 binding(s)
2026-10-05T16:19:12.915078300  [INFO] ui.BindingsLoader: Loaded 3 binding(s)
revision=30e8a928de47d96f54a7caceacea73ce459554f8; working-tree source SHA256=0cc88dbc321b08d944552e79c0a022cb6ad8d3b8f1db283c147b2bb286ca438b; args=glass size=400 warmup=50 frames=100 output=benchmarks/p3/after-400.csv
JDK=23.0.1+11-39; VM=OpenJDK 64-Bit Server VM; OS=Windows 11 amd64; CPU=Intel64 Family 6 Model 183 Stepping 1, GenuineIntel; processors=20
display=1440x900; sensor=400x400; workers=14; tile=32; camera=Vec3[x=0.0, y=0.0, z=-1.0]; sensorGeometry=Rect[origin=Vec3[x=-0.8, y=-0.5, z=0.0], edge1=Vec3[x=1.6, y=0.0, z=0.0], edge2=Vec3[x=0.0, y=1.0, z=0.0]]
preset=glass; depth=8; seed=1; requestedSpp=1; acceleration=true; instances=13; primitives=24; exposure=0.0; raw uniform samples; reconstruction=off; motion=false
Headless: excludes AWT presentation, scheduler idle, and real input delivery. Motion changes the camera before each timed render; event-to-image latency and generation/cancellation metrics apply in P2.
Headless frame: median 28.18 ms, p95 29.24 ms
TRACE: median 8.05 ms, p95 8.61 ms
RESAMPLE: median 19.13 ms, p95 19.46 ms
PAINT: median 0.35 ms, p95 0.50 ms
BACKGROUND: median 0.00 ms, p95 0.00 ms
Aggregate CPU/wall cores: 3.97; frame allocated bytes/frame: 636343; trace bytes/frame: 4883; GC count=1 time=2 ms; measured spp=100
Scene: glass; acceleration=bvh; primitives=24; depth=8; spp/batch max=1; accumulated=150; seed=1; jittered progressive; rays: Rays[width=400, height=400, primary=160000, hits=100242, shadows=127477, occluded=19433, lit=82613, traceNanos=7741400]
Trace throughput (primary + continuation + visibility): 59.00 Mrays/s
Trace profile: Stats[cpuNanos=0, allocatedBytes=4696, primaryTests=2067120, shadowTests=1305660, scene=glass, depth=8, samplesPerPixel=1, continuationRays=198527, continuationTests=2976876, accumulatedSamples=150, samplingStatus=converging, seed=1, dielectricReflections=12028, dielectricTransmissions=59246, absorptionSegments=39061, areaLightSamples=0, emitterHits=0, roughEvents=0, volumeSegments=0, volumeEvents=0, volumeVisibilitySegments=0, workers=14, tileSize=32]
Trace execution samples: Snapshot[generation=0, intersection=0, lighting=0, shadow=0, status=off]
Stationary time to 8 spp (headless frame pipeline): 230.32 ms
