bounce-room 800x500, batch3, target8, seed1, 2s warmup/3s measured motion, nominal144Hz; excludes AWT/overlay
mode,fresh_fps,interval_mean_ms,p95_ms,age_p95_ms,min_width,max_width,grid_changes,restore_ms,final_spp
2026-10-06T00:22:53.736134200  [INFO] rendering.FileSystemRasterRepository: Loaded from assets\fonts\test\standard\nil.tx in PT0.0058147S
2026-10-06T00:22:53.739310600  [INFO] rendering.FileSystemRasterRepository: Loaded from assets\fonts\test\standard\space.tx in PT0S
2026-10-06T00:22:53.740311000  [INFO] rendering.FileSystemRasterRepository: Loaded from assets\fonts\test\standard\bang.tx in PT0.0010004S
2026-10-06T00:22:53.740311000  [INFO] rendering.FileSystemRasterRepository: Loaded from assets\fonts\test\standard\quotation.tx in PT0S
2026-10-06T00:22:53.740311000  [INFO] rendering.FileSystemRasterRepository: Loaded from assets\fonts\test\standard\hash.tx in PT0S
2026-10-06T00:22:53.741311000  [INFO] rendering.FileSystemRasterRepository: Loaded from assets\fonts\test\standard\dollar.tx in PT0S
2026-10-06T00:22:53.741311000  [INFO] rendering.FileSystemRasterRepository: Loaded from assets\fonts\test\standard\percent.tx in PT0S
2026-10-06T00:22:53.741311000  [INFO] rendering.FileSystemRasterRepository: Loaded from assets\fonts\test\standard\ampersand.tx in PT0S
2026-10-06T00:22:53.742310900  [INFO] rendering.FileSystemRasterRepository: Loaded from assets\fonts\test\standard\apostrophe.tx in PT0S
2026-10-06T00:22:53.742310900  [INFO] rendering.FileSystemRasterRepository: Loaded from assets\fonts\test\standard\left_paren.tx in PT0S
2026-10-06T00:22:53.742968000  [INFO] rendering.FileSystemRasterRepository: Loaded from assets\fonts\test\standard\right_paren.tx in PT0S
2026-10-06T00:22:53.742968000  [INFO] rendering.FileSystemRasterRepository: Loaded from assets\fonts\test\standard\star.tx in PT0S
2026-10-06T00:22:53.742968000  [INFO] rendering.FileSystemRasterRepository: Loaded from assets\fonts\test\standard\plus.tx in PT0S
2026-10-06T00:22:53.742968000  [INFO] rendering.FileSystemRasterRepository: Loaded from assets\fonts\test\standard\comma.tx in PT0S
2026-10-06T00:22:53.742968000  [INFO] rendering.FileSystemRasterRepository: Loaded from assets\fonts\test\standard\hyphen.tx in PT0S
2026-10-06T00:22:53.742968000  [INFO] rendering.FileSystemRasterRepository: Loaded from assets\fonts\test\standard\dot.tx in PT0S
2026-10-06T00:22:53.742968000  [INFO] rendering.FileSystemRasterRepository: Loaded from assets\fonts\test\standard\slash.tx in PT0S
2026-10-06T00:22:53.742968000  [INFO] rendering.FileSystemRasterRepository: Loaded from assets\fonts\test\standard\0.tx in PT0S
2026-10-06T00:22:53.742968000  [INFO] rendering.FileSystemRasterRepository: Loaded from assets\fonts\test\standard\1.tx in PT0S
2026-10-06T00:22:53.742968000  [INFO] rendering.FileSystemRasterRepository: Loaded from assets\fonts\test\standard\2.tx in PT0S
2026-10-06T00:22:53.742968000  [INFO] rendering.FileSystemRasterRepository: Loaded from assets\fonts\test\standard\3.tx in PT0S
2026-10-06T00:22:53.742968000  [INFO] rendering.FileSystemRasterRepository: Loaded from assets\fonts\test\standard\4.tx in PT0S
2026-10-06T00:22:53.742968000  [INFO] rendering.FileSystemRasterRepository: Loaded from assets\fonts\test\standard\5.tx in PT0S
2026-10-06T00:22:53.742968000  [INFO] rendering.FileSystemRasterRepository: Loaded from assets\fonts\test\standard\6.tx in PT0S
2026-10-06T00:22:53.742968000  [INFO] rendering.FileSystemRasterRepository: Loaded from assets\fonts\test\standard\7.tx in PT0S
2026-10-06T00:22:53.742968000  [INFO] rendering.FileSystemRasterRepository: Loaded from assets\fonts\test\standard\8.tx in PT0S
2026-10-06T00:22:53.742968000  [INFO] rendering.FileSystemRasterRepository: Loaded from assets\fonts\test\standard\9.tx in PT0S
2026-10-06T00:22:53.748649400  [INFO] rendering.FileSystemRasterRepository: Loaded from assets\fonts\test\standard\colon.tx in PT0S
2026-10-06T00:22:53.748649400  [INFO] rendering.FileSystemRasterRepository: Loaded from assets\fonts\test\standard\semicolon.tx in PT0S
2026-10-06T00:22:53.748649400  [INFO] rendering.FileSystemRasterRepository: Loaded from assets\fonts\test\standard\less_than.tx in PT0S
2026-10-06T00:22:53.748649400  [INFO] rendering.FileSystemRasterRepository: Loaded from assets\fonts\test\standard\equal.tx in PT0S
2026-10-06T00:22:53.749767100  [INFO] rendering.FileSystemRasterRepository: Loaded from assets\fonts\test\standard\greater_than.tx in PT0S
2026-10-06T00:22:53.749767100  [INFO] rendering.FileSystemRasterRepository: Loaded from assets\fonts\test\standard\question.tx in PT0S
2026-10-06T00:22:53.749767100  [INFO] rendering.FileSystemRasterRepository: Loaded from assets\fonts\test\standard\at.tx in PT0S
2026-10-06T00:22:53.750767000  [INFO] rendering.FileSystemRasterRepository: Loaded from assets\fonts\test\standard\left_square_bracket.tx in PT0S
2026-10-06T00:22:53.750767000  [INFO] rendering.FileSystemRasterRepository: Loaded from assets\fonts\test\standard\backslash.tx in PT0S
2026-10-06T00:22:53.750767000  [INFO] rendering.FileSystemRasterRepository: Loaded from assets\fonts\test\standard\right_square_bracket.tx in PT0S
2026-10-06T00:22:53.750767000  [INFO] rendering.FileSystemRasterRepository: Loaded from assets\fonts\test\standard\caret.tx in PT0S
2026-10-06T00:22:53.751766500  [INFO] rendering.FileSystemRasterRepository: Loaded from assets\fonts\test\standard\underscore.tx in PT0S
2026-10-06T00:22:53.751766500  [INFO] rendering.FileSystemRasterRepository: Loaded from assets\fonts\test\standard\grave.tx in PT0S
2026-10-06T00:22:53.751766500  [INFO] rendering.FileSystemRasterRepository: Loaded from assets\fonts\test\standard\a.tx in PT0S
2026-10-06T00:22:53.752766800  [INFO] rendering.FileSystemRasterRepository: Loaded from assets\fonts\test\standard\b.tx in PT0.0010003S
2026-10-06T00:22:53.752766800  [INFO] rendering.FileSystemRasterRepository: Loaded from assets\fonts\test\standard\c.tx in PT0S
2026-10-06T00:22:53.752766800  [INFO] rendering.FileSystemRasterRepository: Loaded from assets\fonts\test\standard\d.tx in PT0S
2026-10-06T00:22:53.752766800  [INFO] rendering.FileSystemRasterRepository: Loaded from assets\fonts\test\standard\e.tx in PT0S
2026-10-06T00:22:53.753766600  [INFO] rendering.FileSystemRasterRepository: Loaded from assets\fonts\test\standard\f.tx in PT0.0009998S
2026-10-06T00:22:53.753766600  [INFO] rendering.FileSystemRasterRepository: Loaded from assets\fonts\test\standard\g.tx in PT0S
2026-10-06T00:22:53.753766600  [INFO] rendering.FileSystemRasterRepository: Loaded from assets\fonts\test\standard\h.tx in PT0S
2026-10-06T00:22:53.753766600  [INFO] rendering.FileSystemRasterRepository: Loaded from assets\fonts\test\standard\i.tx in PT0S
2026-10-06T00:22:53.753766600  [INFO] rendering.FileSystemRasterRepository: Loaded from assets\fonts\test\standard\j.tx in PT0S
2026-10-06T00:22:53.754766600  [INFO] rendering.FileSystemRasterRepository: Loaded from assets\fonts\test\standard\k.tx in PT0.001S
2026-10-06T00:22:53.754766600  [INFO] rendering.FileSystemRasterRepository: Loaded from assets\fonts\test\standard\l.tx in PT0S
2026-10-06T00:22:53.754766600  [INFO] rendering.FileSystemRasterRepository: Loaded from assets\fonts\test\standard\m.tx in PT0S
2026-10-06T00:22:53.754766600  [INFO] rendering.FileSystemRasterRepository: Loaded from assets\fonts\test\standard\n.tx in PT0S
2026-10-06T00:22:53.754766600  [INFO] rendering.FileSystemRasterRepository: Loaded from assets\fonts\test\standard\o.tx in PT0S
2026-10-06T00:22:53.756054900  [INFO] rendering.FileSystemRasterRepository: Loaded from assets\fonts\test\standard\p.tx in PT0.0012883S
2026-10-06T00:22:53.756054900  [INFO] rendering.FileSystemRasterRepository: Loaded from assets\fonts\test\standard\q.tx in PT0S
2026-10-06T00:22:53.756054900  [INFO] rendering.FileSystemRasterRepository: Loaded from assets\fonts\test\standard\r.tx in PT0S
2026-10-06T00:22:53.756054900  [INFO] rendering.FileSystemRasterRepository: Loaded from assets\fonts\test\standard\s.tx in PT0S
2026-10-06T00:22:53.757055100  [INFO] rendering.FileSystemRasterRepository: Loaded from assets\fonts\test\standard\t.tx in PT0.0010002S
2026-10-06T00:22:53.757055100  [INFO] rendering.FileSystemRasterRepository: Loaded from assets\fonts\test\standard\u.tx in PT0S
2026-10-06T00:22:53.757055100  [INFO] rendering.FileSystemRasterRepository: Loaded from assets\fonts\test\standard\v.tx in PT0S
2026-10-06T00:22:53.758055600  [INFO] rendering.FileSystemRasterRepository: Loaded from assets\fonts\test\standard\w.tx in PT0.0010005S
2026-10-06T00:22:53.758055600  [INFO] rendering.FileSystemRasterRepository: Loaded from assets\fonts\test\standard\x.tx in PT0S
2026-10-06T00:22:53.758055600  [INFO] rendering.FileSystemRasterRepository: Loaded from assets\fonts\test\standard\y.tx in PT0S
2026-10-06T00:22:53.758055600  [INFO] rendering.FileSystemRasterRepository: Loaded from assets\fonts\test\standard\z.tx in PT0S
2026-10-06T00:22:53.758055600  [INFO] rendering.FileSystemRasterRepository: Loaded from assets\fonts\test\standard\left_curly_brace.tx in PT0S
2026-10-06T00:22:53.759055600  [INFO] rendering.FileSystemRasterRepository: Loaded from assets\fonts\test\standard\pipe.tx in PT0.001S
2026-10-06T00:22:53.759055600  [INFO] rendering.FileSystemRasterRepository: Loaded from assets\fonts\test\standard\right_curly_brace.tx in PT0S
2026-10-06T00:22:53.759055600  [INFO] rendering.FileSystemRasterRepository: Loaded from assets\fonts\test\standard\tilde.tx in PT0S
2026-10-06T00:22:53.769489900  [INFO] rendering.FsFontLoader: Loaded font assets\fonts\test in PT0.0391704S
2026-10-06T00:22:53.974154400  [INFO] ui.BindingsLoader: Loaded 15 binding(s)
2026-10-06T00:22:53.983041500  [INFO] ui.BindingsLoader: Loaded 15 binding(s)
2026-10-06T00:22:54.025104800  [INFO] ui.BindingsLoader: Loaded 9 binding(s)
2026-10-06T00:22:54.026104400  [INFO] ui.BindingsLoader: Loaded 3 binding(s)
raw3,18.50,54.50,66.88,96.97,800,800,0,56.36,8
2026-10-06T00:23:00.041068400  [INFO] rendering.FileSystemRasterRepository: Loaded from assets\fonts\test\standard\nil.tx in PT0S
2026-10-06T00:23:00.041068400  [INFO] rendering.FileSystemRasterRepository: Loaded from assets\fonts\test\standard\space.tx in PT0S
2026-10-06T00:23:00.042068800  [INFO] rendering.FileSystemRasterRepository: Loaded from assets\fonts\test\standard\bang.tx in PT0S
2026-10-06T00:23:00.042068800  [INFO] rendering.FileSystemRasterRepository: Loaded from assets\fonts\test\standard\quotation.tx in PT0S
2026-10-06T00:23:00.042068800  [INFO] rendering.FileSystemRasterRepository: Loaded from assets\fonts\test\standard\hash.tx in PT0S
2026-10-06T00:23:00.042068800  [INFO] rendering.FileSystemRasterRepository: Loaded from assets\fonts\test\standard\dollar.tx in PT0S
2026-10-06T00:23:00.043068100  [INFO] rendering.FileSystemRasterRepository: Loaded from assets\fonts\test\standard\percent.tx in PT0.0009993S
2026-10-06T00:23:00.043418300  [INFO] rendering.FileSystemRasterRepository: Loaded from assets\fonts\test\standard\ampersand.tx in PT0.0003502S
2026-10-06T00:23:00.043418300  [INFO] rendering.FileSystemRasterRepository: Loaded from assets\fonts\test\standard\apostrophe.tx in PT0S
2026-10-06T00:23:00.043418300  [INFO] rendering.FileSystemRasterRepository: Loaded from assets\fonts\test\standard\left_paren.tx in PT0S
2026-10-06T00:23:00.043418300  [INFO] rendering.FileSystemRasterRepository: Loaded from assets\fonts\test\standard\right_paren.tx in PT0S
2026-10-06T00:23:00.043418300  [INFO] rendering.FileSystemRasterRepository: Loaded from assets\fonts\test\standard\star.tx in PT0S
2026-10-06T00:23:00.043418300  [INFO] rendering.FileSystemRasterRepository: Loaded from assets\fonts\test\standard\plus.tx in PT0S
2026-10-06T00:23:00.044435900  [INFO] rendering.FileSystemRasterRepository: Loaded from assets\fonts\test\standard\comma.tx in PT0S
2026-10-06T00:23:00.044435900  [INFO] rendering.FileSystemRasterRepository: Loaded from assets\fonts\test\standard\hyphen.tx in PT0S
2026-10-06T00:23:00.044435900  [INFO] rendering.FileSystemRasterRepository: Loaded from assets\fonts\test\standard\dot.tx in PT0S
2026-10-06T00:23:00.044435900  [INFO] rendering.FileSystemRasterRepository: Loaded from assets\fonts\test\standard\slash.tx in PT0S
2026-10-06T00:23:00.044435900  [INFO] rendering.FileSystemRasterRepository: Loaded from assets\fonts\test\standard\0.tx in PT0S
2026-10-06T00:23:00.045435800  [INFO] rendering.FileSystemRasterRepository: Loaded from assets\fonts\test\standard\1.tx in PT0S
2026-10-06T00:23:00.045435800  [INFO] rendering.FileSystemRasterRepository: Loaded from assets\fonts\test\standard\2.tx in PT0S
2026-10-06T00:23:00.045435800  [INFO] rendering.FileSystemRasterRepository: Loaded from assets\fonts\test\standard\3.tx in PT0S
2026-10-06T00:23:00.045435800  [INFO] rendering.FileSystemRasterRepository: Loaded from assets\fonts\test\standard\4.tx in PT0S
2026-10-06T00:23:00.045435800  [INFO] rendering.FileSystemRasterRepository: Loaded from assets\fonts\test\standard\5.tx in PT0S
2026-10-06T00:23:00.045435800  [INFO] rendering.FileSystemRasterRepository: Loaded from assets\fonts\test\standard\6.tx in PT0S
2026-10-06T00:23:00.046435800  [INFO] rendering.FileSystemRasterRepository: Loaded from assets\fonts\test\standard\7.tx in PT0.001S
2026-10-06T00:23:00.046435800  [INFO] rendering.FileSystemRasterRepository: Loaded from assets\fonts\test\standard\8.tx in PT0S
2026-10-06T00:23:00.046435800  [INFO] rendering.FileSystemRasterRepository: Loaded from assets\fonts\test\standard\9.tx in PT0S
2026-10-06T00:23:00.046435800  [INFO] rendering.FileSystemRasterRepository: Loaded from assets\fonts\test\standard\colon.tx in PT0S
2026-10-06T00:23:00.046435800  [INFO] rendering.FileSystemRasterRepository: Loaded from assets\fonts\test\standard\semicolon.tx in PT0S
2026-10-06T00:23:00.046435800  [INFO] rendering.FileSystemRasterRepository: Loaded from assets\fonts\test\standard\less_than.tx in PT0S
2026-10-06T00:23:00.046435800  [INFO] rendering.FileSystemRasterRepository: Loaded from assets\fonts\test\standard\equal.tx in PT0S
2026-10-06T00:23:00.047436000  [INFO] rendering.FileSystemRasterRepository: Loaded from assets\fonts\test\standard\greater_than.tx in PT0.0010002S
2026-10-06T00:23:00.047436000  [INFO] rendering.FileSystemRasterRepository: Loaded from assets\fonts\test\standard\question.tx in PT0S
2026-10-06T00:23:00.047436000  [INFO] rendering.FileSystemRasterRepository: Loaded from assets\fonts\test\standard\at.tx in PT0S
2026-10-06T00:23:00.047436000  [INFO] rendering.FileSystemRasterRepository: Loaded from assets\fonts\test\standard\left_square_bracket.tx in PT0S
2026-10-06T00:23:00.047436000  [INFO] rendering.FileSystemRasterRepository: Loaded from assets\fonts\test\standard\backslash.tx in PT0S
2026-10-06T00:23:00.047436000  [INFO] rendering.FileSystemRasterRepository: Loaded from assets\fonts\test\standard\right_square_bracket.tx in PT0S
2026-10-06T00:23:00.047436000  [INFO] rendering.FileSystemRasterRepository: Loaded from assets\fonts\test\standard\caret.tx in PT0S
2026-10-06T00:23:00.048435400  [INFO] rendering.FileSystemRasterRepository: Loaded from assets\fonts\test\standard\underscore.tx in PT0.0009994S
2026-10-06T00:23:00.048435400  [INFO] rendering.FileSystemRasterRepository: Loaded from assets\fonts\test\standard\grave.tx in PT0S
2026-10-06T00:23:00.048435400  [INFO] rendering.FileSystemRasterRepository: Loaded from assets\fonts\test\standard\a.tx in PT0S
2026-10-06T00:23:00.048435400  [INFO] rendering.FileSystemRasterRepository: Loaded from assets\fonts\test\standard\b.tx in PT0S
2026-10-06T00:23:00.048435400  [INFO] rendering.FileSystemRasterRepository: Loaded from assets\fonts\test\standard\c.tx in PT0S
2026-10-06T00:23:00.048435400  [INFO] rendering.FileSystemRasterRepository: Loaded from assets\fonts\test\standard\d.tx in PT0S
2026-10-06T00:23:00.049429400  [INFO] rendering.FileSystemRasterRepository: Loaded from assets\fonts\test\standard\e.tx in PT0S
2026-10-06T00:23:00.049429400  [INFO] rendering.FileSystemRasterRepository: Loaded from assets\fonts\test\standard\f.tx in PT0S
2026-10-06T00:23:00.049429400  [INFO] rendering.FileSystemRasterRepository: Loaded from assets\fonts\test\standard\g.tx in PT0S
2026-10-06T00:23:00.049429400  [INFO] rendering.FileSystemRasterRepository: Loaded from assets\fonts\test\standard\h.tx in PT0S
2026-10-06T00:23:00.049429400  [INFO] rendering.FileSystemRasterRepository: Loaded from assets\fonts\test\standard\i.tx in PT0S
2026-10-06T00:23:00.049429400  [INFO] rendering.FileSystemRasterRepository: Loaded from assets\fonts\test\standard\j.tx in PT0S
2026-10-06T00:23:00.049429400  [INFO] rendering.FileSystemRasterRepository: Loaded from assets\fonts\test\standard\k.tx in PT0S
2026-10-06T00:23:00.049429400  [INFO] rendering.FileSystemRasterRepository: Loaded from assets\fonts\test\standard\l.tx in PT0S
2026-10-06T00:23:00.049429400  [INFO] rendering.FileSystemRasterRepository: Loaded from assets\fonts\test\standard\m.tx in PT0S
2026-10-06T00:23:00.049429400  [INFO] rendering.FileSystemRasterRepository: Loaded from assets\fonts\test\standard\n.tx in PT0S
2026-10-06T00:23:00.049429400  [INFO] rendering.FileSystemRasterRepository: Loaded from assets\fonts\test\standard\o.tx in PT0S
2026-10-06T00:23:00.049429400  [INFO] rendering.FileSystemRasterRepository: Loaded from assets\fonts\test\standard\p.tx in PT0S
2026-10-06T00:23:00.049429400  [INFO] rendering.FileSystemRasterRepository: Loaded from assets\fonts\test\standard\q.tx in PT0S
2026-10-06T00:23:00.049429400  [INFO] rendering.FileSystemRasterRepository: Loaded from assets\fonts\test\standard\r.tx in PT0S
2026-10-06T00:23:00.049429400  [INFO] rendering.FileSystemRasterRepository: Loaded from assets\fonts\test\standard\s.tx in PT0S
2026-10-06T00:23:00.052392500  [INFO] rendering.FileSystemRasterRepository: Loaded from assets\fonts\test\standard\t.tx in PT0.0029631S
2026-10-06T00:23:00.052392500  [INFO] rendering.FileSystemRasterRepository: Loaded from assets\fonts\test\standard\u.tx in PT0S
2026-10-06T00:23:00.052392500  [INFO] rendering.FileSystemRasterRepository: Loaded from assets\fonts\test\standard\v.tx in PT0S
2026-10-06T00:23:00.052392500  [INFO] rendering.FileSystemRasterRepository: Loaded from assets\fonts\test\standard\w.tx in PT0S
2026-10-06T00:23:00.052392500  [INFO] rendering.FileSystemRasterRepository: Loaded from assets\fonts\test\standard\x.tx in PT0S
2026-10-06T00:23:00.052392500  [INFO] rendering.FileSystemRasterRepository: Loaded from assets\fonts\test\standard\y.tx in PT0S
2026-10-06T00:23:00.052392500  [INFO] rendering.FileSystemRasterRepository: Loaded from assets\fonts\test\standard\z.tx in PT0S
2026-10-06T00:23:00.052392500  [INFO] rendering.FileSystemRasterRepository: Loaded from assets\fonts\test\standard\left_curly_brace.tx in PT0S
2026-10-06T00:23:00.052392500  [INFO] rendering.FileSystemRasterRepository: Loaded from assets\fonts\test\standard\pipe.tx in PT0S
2026-10-06T00:23:00.052392500  [INFO] rendering.FileSystemRasterRepository: Loaded from assets\fonts\test\standard\right_curly_brace.tx in PT0S
2026-10-06T00:23:00.052392500  [INFO] rendering.FileSystemRasterRepository: Loaded from assets\fonts\test\standard\tilde.tx in PT0S
2026-10-06T00:23:00.056401300  [INFO] rendering.FsFontLoader: Loaded font assets\fonts\test in PT0.0153329S
2026-10-06T00:23:00.058406400  [INFO] ui.BindingsLoader: Loaded 15 binding(s)
2026-10-06T00:23:00.058406400  [INFO] ui.BindingsLoader: Loaded 15 binding(s)
2026-10-06T00:23:00.067358100  [INFO] ui.BindingsLoader: Loaded 9 binding(s)
2026-10-06T00:23:00.067358100  [INFO] ui.BindingsLoader: Loaded 3 binding(s)
budget1,20.50,49.05,57.51,87.66,800,800,0,84.05,8
2026-10-06T00:23:06.075036300  [INFO] rendering.FileSystemRasterRepository: Loaded from assets\fonts\test\standard\nil.tx in PT0S
2026-10-06T00:23:06.076975700  [INFO] rendering.FileSystemRasterRepository: Loaded from assets\fonts\test\standard\space.tx in PT0.0019394S
2026-10-06T00:23:06.076975700  [INFO] rendering.FileSystemRasterRepository: Loaded from assets\fonts\test\standard\bang.tx in PT0S
2026-10-06T00:23:06.076975700  [INFO] rendering.FileSystemRasterRepository: Loaded from assets\fonts\test\standard\quotation.tx in PT0S
2026-10-06T00:23:06.076975700  [INFO] rendering.FileSystemRasterRepository: Loaded from assets\fonts\test\standard\hash.tx in PT0S
2026-10-06T00:23:06.076975700  [INFO] rendering.FileSystemRasterRepository: Loaded from assets\fonts\test\standard\dollar.tx in PT0S
2026-10-06T00:23:06.076975700  [INFO] rendering.FileSystemRasterRepository: Loaded from assets\fonts\test\standard\percent.tx in PT0S
2026-10-06T00:23:06.076975700  [INFO] rendering.FileSystemRasterRepository: Loaded from assets\fonts\test\standard\ampersand.tx in PT0S
2026-10-06T00:23:06.076975700  [INFO] rendering.FileSystemRasterRepository: Loaded from assets\fonts\test\standard\apostrophe.tx in PT0S
2026-10-06T00:23:06.076975700  [INFO] rendering.FileSystemRasterRepository: Loaded from assets\fonts\test\standard\left_paren.tx in PT0S
2026-10-06T00:23:06.076975700  [INFO] rendering.FileSystemRasterRepository: Loaded from assets\fonts\test\standard\right_paren.tx in PT0S
2026-10-06T00:23:06.076975700  [INFO] rendering.FileSystemRasterRepository: Loaded from assets\fonts\test\standard\star.tx in PT0S
2026-10-06T00:23:06.076975700  [INFO] rendering.FileSystemRasterRepository: Loaded from assets\fonts\test\standard\plus.tx in PT0S
2026-10-06T00:23:06.076975700  [INFO] rendering.FileSystemRasterRepository: Loaded from assets\fonts\test\standard\comma.tx in PT0S
2026-10-06T00:23:06.076975700  [INFO] rendering.FileSystemRasterRepository: Loaded from assets\fonts\test\standard\hyphen.tx in PT0S
2026-10-06T00:23:06.076975700  [INFO] rendering.FileSystemRasterRepository: Loaded from assets\fonts\test\standard\dot.tx in PT0S
2026-10-06T00:23:06.076975700  [INFO] rendering.FileSystemRasterRepository: Loaded from assets\fonts\test\standard\slash.tx in PT0S
2026-10-06T00:23:06.076975700  [INFO] rendering.FileSystemRasterRepository: Loaded from assets\fonts\test\standard\0.tx in PT0S
2026-10-06T00:23:06.076975700  [INFO] rendering.FileSystemRasterRepository: Loaded from assets\fonts\test\standard\1.tx in PT0S
2026-10-06T00:23:06.076975700  [INFO] rendering.FileSystemRasterRepository: Loaded from assets\fonts\test\standard\2.tx in PT0S
2026-10-06T00:23:06.076975700  [INFO] rendering.FileSystemRasterRepository: Loaded from assets\fonts\test\standard\3.tx in PT0S
2026-10-06T00:23:06.076975700  [INFO] rendering.FileSystemRasterRepository: Loaded from assets\fonts\test\standard\4.tx in PT0S
2026-10-06T00:23:06.076975700  [INFO] rendering.FileSystemRasterRepository: Loaded from assets\fonts\test\standard\5.tx in PT0S
2026-10-06T00:23:06.076975700  [INFO] rendering.FileSystemRasterRepository: Loaded from assets\fonts\test\standard\6.tx in PT0S
2026-10-06T00:23:06.076975700  [INFO] rendering.FileSystemRasterRepository: Loaded from assets\fonts\test\standard\7.tx in PT0S
2026-10-06T00:23:06.076975700  [INFO] rendering.FileSystemRasterRepository: Loaded from assets\fonts\test\standard\8.tx in PT0S
2026-10-06T00:23:06.076975700  [INFO] rendering.FileSystemRasterRepository: Loaded from assets\fonts\test\standard\9.tx in PT0S
2026-10-06T00:23:06.076975700  [INFO] rendering.FileSystemRasterRepository: Loaded from assets\fonts\test\standard\colon.tx in PT0S
2026-10-06T00:23:06.076975700  [INFO] rendering.FileSystemRasterRepository: Loaded from assets\fonts\test\standard\semicolon.tx in PT0S
2026-10-06T00:23:06.076975700  [INFO] rendering.FileSystemRasterRepository: Loaded from assets\fonts\test\standard\less_than.tx in PT0S
2026-10-06T00:23:06.076975700  [INFO] rendering.FileSystemRasterRepository: Loaded from assets\fonts\test\standard\equal.tx in PT0S
2026-10-06T00:23:06.076975700  [INFO] rendering.FileSystemRasterRepository: Loaded from assets\fonts\test\standard\greater_than.tx in PT0S
2026-10-06T00:23:06.076975700  [INFO] rendering.FileSystemRasterRepository: Loaded from assets\fonts\test\standard\question.tx in PT0S
2026-10-06T00:23:06.076975700  [INFO] rendering.FileSystemRasterRepository: Loaded from assets\fonts\test\standard\at.tx in PT0S
2026-10-06T00:23:06.076975700  [INFO] rendering.FileSystemRasterRepository: Loaded from assets\fonts\test\standard\left_square_bracket.tx in PT0S
2026-10-06T00:23:06.076975700  [INFO] rendering.FileSystemRasterRepository: Loaded from assets\fonts\test\standard\backslash.tx in PT0S
2026-10-06T00:23:06.081328000  [INFO] rendering.FileSystemRasterRepository: Loaded from assets\fonts\test\standard\right_square_bracket.tx in PT0.0043523S
2026-10-06T00:23:06.081328000  [INFO] rendering.FileSystemRasterRepository: Loaded from assets\fonts\test\standard\caret.tx in PT0S
2026-10-06T00:23:06.081717500  [INFO] rendering.FileSystemRasterRepository: Loaded from assets\fonts\test\standard\underscore.tx in PT0.0003895S
2026-10-06T00:23:06.081717500  [INFO] rendering.FileSystemRasterRepository: Loaded from assets\fonts\test\standard\grave.tx in PT0S
2026-10-06T00:23:06.081717500  [INFO] rendering.FileSystemRasterRepository: Loaded from assets\fonts\test\standard\a.tx in PT0S
2026-10-06T00:23:06.081717500  [INFO] rendering.FileSystemRasterRepository: Loaded from assets\fonts\test\standard\b.tx in PT0S
2026-10-06T00:23:06.081717500  [INFO] rendering.FileSystemRasterRepository: Loaded from assets\fonts\test\standard\c.tx in PT0S
2026-10-06T00:23:06.081717500  [INFO] rendering.FileSystemRasterRepository: Loaded from assets\fonts\test\standard\d.tx in PT0S
2026-10-06T00:23:06.081717500  [INFO] rendering.FileSystemRasterRepository: Loaded from assets\fonts\test\standard\e.tx in PT0S
2026-10-06T00:23:06.081717500  [INFO] rendering.FileSystemRasterRepository: Loaded from assets\fonts\test\standard\f.tx in PT0S
2026-10-06T00:23:06.081717500  [INFO] rendering.FileSystemRasterRepository: Loaded from assets\fonts\test\standard\g.tx in PT0S
2026-10-06T00:23:06.081717500  [INFO] rendering.FileSystemRasterRepository: Loaded from assets\fonts\test\standard\h.tx in PT0S
2026-10-06T00:23:06.081717500  [INFO] rendering.FileSystemRasterRepository: Loaded from assets\fonts\test\standard\i.tx in PT0S
2026-10-06T00:23:06.081717500  [INFO] rendering.FileSystemRasterRepository: Loaded from assets\fonts\test\standard\j.tx in PT0S
2026-10-06T00:23:06.081717500  [INFO] rendering.FileSystemRasterRepository: Loaded from assets\fonts\test\standard\k.tx in PT0S
2026-10-06T00:23:06.081717500  [INFO] rendering.FileSystemRasterRepository: Loaded from assets\fonts\test\standard\l.tx in PT0S
2026-10-06T00:23:06.081717500  [INFO] rendering.FileSystemRasterRepository: Loaded from assets\fonts\test\standard\m.tx in PT0S
2026-10-06T00:23:06.081717500  [INFO] rendering.FileSystemRasterRepository: Loaded from assets\fonts\test\standard\n.tx in PT0S
2026-10-06T00:23:06.081717500  [INFO] rendering.FileSystemRasterRepository: Loaded from assets\fonts\test\standard\o.tx in PT0S
2026-10-06T00:23:06.081717500  [INFO] rendering.FileSystemRasterRepository: Loaded from assets\fonts\test\standard\p.tx in PT0S
2026-10-06T00:23:06.081717500  [INFO] rendering.FileSystemRasterRepository: Loaded from assets\fonts\test\standard\q.tx in PT0S
2026-10-06T00:23:06.081717500  [INFO] rendering.FileSystemRasterRepository: Loaded from assets\fonts\test\standard\r.tx in PT0S
2026-10-06T00:23:06.081717500  [INFO] rendering.FileSystemRasterRepository: Loaded from assets\fonts\test\standard\s.tx in PT0S
2026-10-06T00:23:06.081717500  [INFO] rendering.FileSystemRasterRepository: Loaded from assets\fonts\test\standard\t.tx in PT0S
2026-10-06T00:23:06.081717500  [INFO] rendering.FileSystemRasterRepository: Loaded from assets\fonts\test\standard\u.tx in PT0S
2026-10-06T00:23:06.081717500  [INFO] rendering.FileSystemRasterRepository: Loaded from assets\fonts\test\standard\v.tx in PT0S
2026-10-06T00:23:06.081717500  [INFO] rendering.FileSystemRasterRepository: Loaded from assets\fonts\test\standard\w.tx in PT0S
2026-10-06T00:23:06.081717500  [INFO] rendering.FileSystemRasterRepository: Loaded from assets\fonts\test\standard\x.tx in PT0S
2026-10-06T00:23:06.081717500  [INFO] rendering.FileSystemRasterRepository: Loaded from assets\fonts\test\standard\y.tx in PT0S
2026-10-06T00:23:06.081717500  [INFO] rendering.FileSystemRasterRepository: Loaded from assets\fonts\test\standard\z.tx in PT0S
2026-10-06T00:23:06.081717500  [INFO] rendering.FileSystemRasterRepository: Loaded from assets\fonts\test\standard\left_curly_brace.tx in PT0S
2026-10-06T00:23:06.081717500  [INFO] rendering.FileSystemRasterRepository: Loaded from assets\fonts\test\standard\pipe.tx in PT0S
2026-10-06T00:23:06.081717500  [INFO] rendering.FileSystemRasterRepository: Loaded from assets\fonts\test\standard\right_curly_brace.tx in PT0S
2026-10-06T00:23:06.081717500  [INFO] rendering.FileSystemRasterRepository: Loaded from assets\fonts\test\standard\tilde.tx in PT0S
2026-10-06T00:23:06.088117000  [INFO] rendering.FsFontLoader: Loaded font assets\fonts\test in PT0.0130807S
2026-10-06T00:23:06.089425000  [INFO] ui.BindingsLoader: Loaded 15 binding(s)
2026-10-06T00:23:06.089425000  [INFO] ui.BindingsLoader: Loaded 15 binding(s)
2026-10-06T00:23:06.104421200  [INFO] ui.BindingsLoader: Loaded 9 binding(s)
2026-10-06T00:23:06.104421200  [INFO] ui.BindingsLoader: Loaded 3 binding(s)
p4,44.50,22.64,23.97,47.75,200,200,2,436.76,8
2026-10-06T00:23:12.118419300  [INFO] rendering.FileSystemRasterRepository: Loaded from assets\fonts\test\standard\nil.tx in PT0.0020038S
2026-10-06T00:23:12.118419300  [INFO] rendering.FileSystemRasterRepository: Loaded from assets\fonts\test\standard\space.tx in PT0S
2026-10-06T00:23:12.118419300  [INFO] rendering.FileSystemRasterRepository: Loaded from assets\fonts\test\standard\bang.tx in PT0S
2026-10-06T00:23:12.118419300  [INFO] rendering.FileSystemRasterRepository: Loaded from assets\fonts\test\standard\quotation.tx in PT0S
2026-10-06T00:23:12.118419300  [INFO] rendering.FileSystemRasterRepository: Loaded from assets\fonts\test\standard\hash.tx in PT0S
2026-10-06T00:23:12.118419300  [INFO] rendering.FileSystemRasterRepository: Loaded from assets\fonts\test\standard\dollar.tx in PT0S
2026-10-06T00:23:12.118419300  [INFO] rendering.FileSystemRasterRepository: Loaded from assets\fonts\test\standard\percent.tx in PT0S
2026-10-06T00:23:12.118419300  [INFO] rendering.FileSystemRasterRepository: Loaded from assets\fonts\test\standard\ampersand.tx in PT0S
2026-10-06T00:23:12.118419300  [INFO] rendering.FileSystemRasterRepository: Loaded from assets\fonts\test\standard\apostrophe.tx in PT0S
2026-10-06T00:23:12.118419300  [INFO] rendering.FileSystemRasterRepository: Loaded from assets\fonts\test\standard\left_paren.tx in PT0S
2026-10-06T00:23:12.118419300  [INFO] rendering.FileSystemRasterRepository: Loaded from assets\fonts\test\standard\right_paren.tx in PT0S
2026-10-06T00:23:12.118419300  [INFO] rendering.FileSystemRasterRepository: Loaded from assets\fonts\test\standard\star.tx in PT0S
2026-10-06T00:23:12.118419300  [INFO] rendering.FileSystemRasterRepository: Loaded from assets\fonts\test\standard\plus.tx in PT0S
2026-10-06T00:23:12.118419300  [INFO] rendering.FileSystemRasterRepository: Loaded from assets\fonts\test\standard\comma.tx in PT0S
2026-10-06T00:23:12.118419300  [INFO] rendering.FileSystemRasterRepository: Loaded from assets\fonts\test\standard\hyphen.tx in PT0S
2026-10-06T00:23:12.118419300  [INFO] rendering.FileSystemRasterRepository: Loaded from assets\fonts\test\standard\dot.tx in PT0S
2026-10-06T00:23:12.118419300  [INFO] rendering.FileSystemRasterRepository: Loaded from assets\fonts\test\standard\slash.tx in PT0S
2026-10-06T00:23:12.118419300  [INFO] rendering.FileSystemRasterRepository: Loaded from assets\fonts\test\standard\0.tx in PT0S
2026-10-06T00:23:12.118419300  [INFO] rendering.FileSystemRasterRepository: Loaded from assets\fonts\test\standard\1.tx in PT0S
2026-10-06T00:23:12.118419300  [INFO] rendering.FileSystemRasterRepository: Loaded from assets\fonts\test\standard\2.tx in PT0S
2026-10-06T00:23:12.118419300  [INFO] rendering.FileSystemRasterRepository: Loaded from assets\fonts\test\standard\3.tx in PT0S
2026-10-06T00:23:12.118419300  [INFO] rendering.FileSystemRasterRepository: Loaded from assets\fonts\test\standard\4.tx in PT0S
2026-10-06T00:23:12.118419300  [INFO] rendering.FileSystemRasterRepository: Loaded from assets\fonts\test\standard\5.tx in PT0S
2026-10-06T00:23:12.118419300  [INFO] rendering.FileSystemRasterRepository: Loaded from assets\fonts\test\standard\6.tx in PT0S
2026-10-06T00:23:12.118419300  [INFO] rendering.FileSystemRasterRepository: Loaded from assets\fonts\test\standard\7.tx in PT0S
2026-10-06T00:23:12.118419300  [INFO] rendering.FileSystemRasterRepository: Loaded from assets\fonts\test\standard\8.tx in PT0S
2026-10-06T00:23:12.118419300  [INFO] rendering.FileSystemRasterRepository: Loaded from assets\fonts\test\standard\9.tx in PT0S
2026-10-06T00:23:12.118419300  [INFO] rendering.FileSystemRasterRepository: Loaded from assets\fonts\test\standard\colon.tx in PT0S
2026-10-06T00:23:12.118419300  [INFO] rendering.FileSystemRasterRepository: Loaded from assets\fonts\test\standard\semicolon.tx in PT0S
2026-10-06T00:23:12.118419300  [INFO] rendering.FileSystemRasterRepository: Loaded from assets\fonts\test\standard\less_than.tx in PT0S
2026-10-06T00:23:12.122235400  [INFO] rendering.FileSystemRasterRepository: Loaded from assets\fonts\test\standard\equal.tx in PT0.0038161S
2026-10-06T00:23:12.122235400  [INFO] rendering.FileSystemRasterRepository: Loaded from assets\fonts\test\standard\greater_than.tx in PT0S
2026-10-06T00:23:12.122235400  [INFO] rendering.FileSystemRasterRepository: Loaded from assets\fonts\test\standard\question.tx in PT0S
2026-10-06T00:23:12.122235400  [INFO] rendering.FileSystemRasterRepository: Loaded from assets\fonts\test\standard\at.tx in PT0S
2026-10-06T00:23:12.122235400  [INFO] rendering.FileSystemRasterRepository: Loaded from assets\fonts\test\standard\left_square_bracket.tx in PT0S
2026-10-06T00:23:12.122235400  [INFO] rendering.FileSystemRasterRepository: Loaded from assets\fonts\test\standard\backslash.tx in PT0S
2026-10-06T00:23:12.122235400  [INFO] rendering.FileSystemRasterRepository: Loaded from assets\fonts\test\standard\right_square_bracket.tx in PT0S
2026-10-06T00:23:12.122235400  [INFO] rendering.FileSystemRasterRepository: Loaded from assets\fonts\test\standard\caret.tx in PT0S
2026-10-06T00:23:12.122235400  [INFO] rendering.FileSystemRasterRepository: Loaded from assets\fonts\test\standard\underscore.tx in PT0S
2026-10-06T00:23:12.122235400  [INFO] rendering.FileSystemRasterRepository: Loaded from assets\fonts\test\standard\grave.tx in PT0S
2026-10-06T00:23:12.122235400  [INFO] rendering.FileSystemRasterRepository: Loaded from assets\fonts\test\standard\a.tx in PT0S
2026-10-06T00:23:12.122235400  [INFO] rendering.FileSystemRasterRepository: Loaded from assets\fonts\test\standard\b.tx in PT0S
2026-10-06T00:23:12.122235400  [INFO] rendering.FileSystemRasterRepository: Loaded from assets\fonts\test\standard\c.tx in PT0S
2026-10-06T00:23:12.122235400  [INFO] rendering.FileSystemRasterRepository: Loaded from assets\fonts\test\standard\d.tx in PT0S
2026-10-06T00:23:12.124240700  [INFO] rendering.FileSystemRasterRepository: Loaded from assets\fonts\test\standard\e.tx in PT0.0020053S
2026-10-06T00:23:12.124240700  [INFO] rendering.FileSystemRasterRepository: Loaded from assets\fonts\test\standard\f.tx in PT0S
2026-10-06T00:23:12.124240700  [INFO] rendering.FileSystemRasterRepository: Loaded from assets\fonts\test\standard\g.tx in PT0S
2026-10-06T00:23:12.124240700  [INFO] rendering.FileSystemRasterRepository: Loaded from assets\fonts\test\standard\h.tx in PT0S
2026-10-06T00:23:12.124240700  [INFO] rendering.FileSystemRasterRepository: Loaded from assets\fonts\test\standard\i.tx in PT0S
2026-10-06T00:23:12.124240700  [INFO] rendering.FileSystemRasterRepository: Loaded from assets\fonts\test\standard\j.tx in PT0S
2026-10-06T00:23:12.124240700  [INFO] rendering.FileSystemRasterRepository: Loaded from assets\fonts\test\standard\k.tx in PT0S
2026-10-06T00:23:12.124240700  [INFO] rendering.FileSystemRasterRepository: Loaded from assets\fonts\test\standard\l.tx in PT0S
2026-10-06T00:23:12.124240700  [INFO] rendering.FileSystemRasterRepository: Loaded from assets\fonts\test\standard\m.tx in PT0S
2026-10-06T00:23:12.124240700  [INFO] rendering.FileSystemRasterRepository: Loaded from assets\fonts\test\standard\n.tx in PT0S
2026-10-06T00:23:12.124240700  [INFO] rendering.FileSystemRasterRepository: Loaded from assets\fonts\test\standard\o.tx in PT0S
2026-10-06T00:23:12.124240700  [INFO] rendering.FileSystemRasterRepository: Loaded from assets\fonts\test\standard\p.tx in PT0S
2026-10-06T00:23:12.124240700  [INFO] rendering.FileSystemRasterRepository: Loaded from assets\fonts\test\standard\q.tx in PT0S
2026-10-06T00:23:12.124240700  [INFO] rendering.FileSystemRasterRepository: Loaded from assets\fonts\test\standard\r.tx in PT0S
2026-10-06T00:23:12.124240700  [INFO] rendering.FileSystemRasterRepository: Loaded from assets\fonts\test\standard\s.tx in PT0S
2026-10-06T00:23:12.124240700  [INFO] rendering.FileSystemRasterRepository: Loaded from assets\fonts\test\standard\t.tx in PT0S
2026-10-06T00:23:12.124240700  [INFO] rendering.FileSystemRasterRepository: Loaded from assets\fonts\test\standard\u.tx in PT0S
2026-10-06T00:23:12.124240700  [INFO] rendering.FileSystemRasterRepository: Loaded from assets\fonts\test\standard\v.tx in PT0S
2026-10-06T00:23:12.124240700  [INFO] rendering.FileSystemRasterRepository: Loaded from assets\fonts\test\standard\w.tx in PT0S
2026-10-06T00:23:12.124240700  [INFO] rendering.FileSystemRasterRepository: Loaded from assets\fonts\test\standard\x.tx in PT0S
2026-10-06T00:23:12.124240700  [INFO] rendering.FileSystemRasterRepository: Loaded from assets\fonts\test\standard\y.tx in PT0S
2026-10-06T00:23:12.124240700  [INFO] rendering.FileSystemRasterRepository: Loaded from assets\fonts\test\standard\z.tx in PT0S
2026-10-06T00:23:12.124240700  [INFO] rendering.FileSystemRasterRepository: Loaded from assets\fonts\test\standard\left_curly_brace.tx in PT0S
2026-10-06T00:23:12.124240700  [INFO] rendering.FileSystemRasterRepository: Loaded from assets\fonts\test\standard\pipe.tx in PT0S
2026-10-06T00:23:12.124240700  [INFO] rendering.FileSystemRasterRepository: Loaded from assets\fonts\test\standard\right_curly_brace.tx in PT0S
2026-10-06T00:23:12.124240700  [INFO] rendering.FileSystemRasterRepository: Loaded from assets\fonts\test\standard\tilde.tx in PT0S
2026-10-06T00:23:12.127293300  [INFO] rendering.FsFontLoader: Loaded font assets\fonts\test in PT0.0108778S
2026-10-06T00:23:12.139604200  [INFO] ui.BindingsLoader: Loaded 15 binding(s)
2026-10-06T00:23:12.139604200  [INFO] ui.BindingsLoader: Loaded 15 binding(s)
2026-10-06T00:23:12.142605600  [INFO] ui.BindingsLoader: Loaded 9 binding(s)
2026-10-06T00:23:12.143603400  [INFO] ui.BindingsLoader: Loaded 3 binding(s)
budget-p4,45.00,22.46,23.97,47.36,200,200,2,466.91,8
2026-10-06T00:23:18.157685100  [INFO] rendering.FileSystemRasterRepository: Loaded from assets\fonts\test\standard\nil.tx in PT0S
2026-10-06T00:23:18.157685100  [INFO] rendering.FileSystemRasterRepository: Loaded from assets\fonts\test\standard\space.tx in PT0S
2026-10-06T00:23:18.157685100  [INFO] rendering.FileSystemRasterRepository: Loaded from assets\fonts\test\standard\bang.tx in PT0S
2026-10-06T00:23:18.157685100  [INFO] rendering.FileSystemRasterRepository: Loaded from assets\fonts\test\standard\quotation.tx in PT0S
2026-10-06T00:23:18.157685100  [INFO] rendering.FileSystemRasterRepository: Loaded from assets\fonts\test\standard\hash.tx in PT0S
2026-10-06T00:23:18.157685100  [INFO] rendering.FileSystemRasterRepository: Loaded from assets\fonts\test\standard\dollar.tx in PT0S
2026-10-06T00:23:18.158817000  [INFO] rendering.FileSystemRasterRepository: Loaded from assets\fonts\test\standard\percent.tx in PT0.0011319S
2026-10-06T00:23:18.158817000  [INFO] rendering.FileSystemRasterRepository: Loaded from assets\fonts\test\standard\ampersand.tx in PT0S
2026-10-06T00:23:18.158817000  [INFO] rendering.FileSystemRasterRepository: Loaded from assets\fonts\test\standard\apostrophe.tx in PT0S
2026-10-06T00:23:18.158817000  [INFO] rendering.FileSystemRasterRepository: Loaded from assets\fonts\test\standard\left_paren.tx in PT0S
2026-10-06T00:23:18.158817000  [INFO] rendering.FileSystemRasterRepository: Loaded from assets\fonts\test\standard\right_paren.tx in PT0S
2026-10-06T00:23:18.158817000  [INFO] rendering.FileSystemRasterRepository: Loaded from assets\fonts\test\standard\star.tx in PT0S
2026-10-06T00:23:18.158817000  [INFO] rendering.FileSystemRasterRepository: Loaded from assets\fonts\test\standard\plus.tx in PT0S
2026-10-06T00:23:18.159819100  [INFO] rendering.FileSystemRasterRepository: Loaded from assets\fonts\test\standard\comma.tx in PT0.0010021S
2026-10-06T00:23:18.159819100  [INFO] rendering.FileSystemRasterRepository: Loaded from assets\fonts\test\standard\hyphen.tx in PT0S
2026-10-06T00:23:18.159819100  [INFO] rendering.FileSystemRasterRepository: Loaded from assets\fonts\test\standard\dot.tx in PT0S
2026-10-06T00:23:18.159819100  [INFO] rendering.FileSystemRasterRepository: Loaded from assets\fonts\test\standard\slash.tx in PT0S
2026-10-06T00:23:18.159819100  [INFO] rendering.FileSystemRasterRepository: Loaded from assets\fonts\test\standard\0.tx in PT0S
2026-10-06T00:23:18.159819100  [INFO] rendering.FileSystemRasterRepository: Loaded from assets\fonts\test\standard\1.tx in PT0S
2026-10-06T00:23:18.159819100  [INFO] rendering.FileSystemRasterRepository: Loaded from assets\fonts\test\standard\2.tx in PT0S
2026-10-06T00:23:18.159819100  [INFO] rendering.FileSystemRasterRepository: Loaded from assets\fonts\test\standard\3.tx in PT0S
2026-10-06T00:23:18.159819100  [INFO] rendering.FileSystemRasterRepository: Loaded from assets\fonts\test\standard\4.tx in PT0S
2026-10-06T00:23:18.159819100  [INFO] rendering.FileSystemRasterRepository: Loaded from assets\fonts\test\standard\5.tx in PT0S
2026-10-06T00:23:18.159819100  [INFO] rendering.FileSystemRasterRepository: Loaded from assets\fonts\test\standard\6.tx in PT0S
2026-10-06T00:23:18.160817100  [INFO] rendering.FileSystemRasterRepository: Loaded from assets\fonts\test\standard\7.tx in PT0.000998S
2026-10-06T00:23:18.160817100  [INFO] rendering.FileSystemRasterRepository: Loaded from assets\fonts\test\standard\8.tx in PT0S
2026-10-06T00:23:18.160817100  [INFO] rendering.FileSystemRasterRepository: Loaded from assets\fonts\test\standard\9.tx in PT0S
2026-10-06T00:23:18.160817100  [INFO] rendering.FileSystemRasterRepository: Loaded from assets\fonts\test\standard\colon.tx in PT0S
2026-10-06T00:23:18.160817100  [INFO] rendering.FileSystemRasterRepository: Loaded from assets\fonts\test\standard\semicolon.tx in PT0S
2026-10-06T00:23:18.160817100  [INFO] rendering.FileSystemRasterRepository: Loaded from assets\fonts\test\standard\less_than.tx in PT0S
2026-10-06T00:23:18.160817100  [INFO] rendering.FileSystemRasterRepository: Loaded from assets\fonts\test\standard\equal.tx in PT0S
2026-10-06T00:23:18.161816300  [INFO] rendering.FileSystemRasterRepository: Loaded from assets\fonts\test\standard\greater_than.tx in PT0.0009992S
2026-10-06T00:23:18.161816300  [INFO] rendering.FileSystemRasterRepository: Loaded from assets\fonts\test\standard\question.tx in PT0S
2026-10-06T00:23:18.161816300  [INFO] rendering.FileSystemRasterRepository: Loaded from assets\fonts\test\standard\at.tx in PT0S
2026-10-06T00:23:18.161816300  [INFO] rendering.FileSystemRasterRepository: Loaded from assets\fonts\test\standard\left_square_bracket.tx in PT0S
2026-10-06T00:23:18.161816300  [INFO] rendering.FileSystemRasterRepository: Loaded from assets\fonts\test\standard\backslash.tx in PT0S
2026-10-06T00:23:18.161816300  [INFO] rendering.FileSystemRasterRepository: Loaded from assets\fonts\test\standard\right_square_bracket.tx in PT0S
2026-10-06T00:23:18.161816300  [INFO] rendering.FileSystemRasterRepository: Loaded from assets\fonts\test\standard\caret.tx in PT0S
2026-10-06T00:23:18.161816300  [INFO] rendering.FileSystemRasterRepository: Loaded from assets\fonts\test\standard\underscore.tx in PT0S
2026-10-06T00:23:18.161816300  [INFO] rendering.FileSystemRasterRepository: Loaded from assets\fonts\test\standard\grave.tx in PT0S
2026-10-06T00:23:18.161816300  [INFO] rendering.FileSystemRasterRepository: Loaded from assets\fonts\test\standard\a.tx in PT0S
2026-10-06T00:23:18.162815800  [INFO] rendering.FileSystemRasterRepository: Loaded from assets\fonts\test\standard\b.tx in PT0S
2026-10-06T00:23:18.162815800  [INFO] rendering.FileSystemRasterRepository: Loaded from assets\fonts\test\standard\c.tx in PT0S
2026-10-06T00:23:18.162815800  [INFO] rendering.FileSystemRasterRepository: Loaded from assets\fonts\test\standard\d.tx in PT0S
2026-10-06T00:23:18.162815800  [INFO] rendering.FileSystemRasterRepository: Loaded from assets\fonts\test\standard\e.tx in PT0S
2026-10-06T00:23:18.162815800  [INFO] rendering.FileSystemRasterRepository: Loaded from assets\fonts\test\standard\f.tx in PT0S
2026-10-06T00:23:18.162815800  [INFO] rendering.FileSystemRasterRepository: Loaded from assets\fonts\test\standard\g.tx in PT0S
2026-10-06T00:23:18.162815800  [INFO] rendering.FileSystemRasterRepository: Loaded from assets\fonts\test\standard\h.tx in PT0S
2026-10-06T00:23:18.162815800  [INFO] rendering.FileSystemRasterRepository: Loaded from assets\fonts\test\standard\i.tx in PT0S
2026-10-06T00:23:18.162815800  [INFO] rendering.FileSystemRasterRepository: Loaded from assets\fonts\test\standard\j.tx in PT0S
2026-10-06T00:23:18.162815800  [INFO] rendering.FileSystemRasterRepository: Loaded from assets\fonts\test\standard\k.tx in PT0S
2026-10-06T00:23:18.163815800  [INFO] rendering.FileSystemRasterRepository: Loaded from assets\fonts\test\standard\l.tx in PT0.001S
2026-10-06T00:23:18.163815800  [INFO] rendering.FileSystemRasterRepository: Loaded from assets\fonts\test\standard\m.tx in PT0S
2026-10-06T00:23:18.163815800  [INFO] rendering.FileSystemRasterRepository: Loaded from assets\fonts\test\standard\n.tx in PT0S
2026-10-06T00:23:18.163815800  [INFO] rendering.FileSystemRasterRepository: Loaded from assets\fonts\test\standard\o.tx in PT0S
2026-10-06T00:23:18.164209800  [INFO] rendering.FileSystemRasterRepository: Loaded from assets\fonts\test\standard\p.tx in PT0.000394S
2026-10-06T00:23:18.164209800  [INFO] rendering.FileSystemRasterRepository: Loaded from assets\fonts\test\standard\q.tx in PT0S
2026-10-06T00:23:18.164209800  [INFO] rendering.FileSystemRasterRepository: Loaded from assets\fonts\test\standard\r.tx in PT0S
2026-10-06T00:23:18.164209800  [INFO] rendering.FileSystemRasterRepository: Loaded from assets\fonts\test\standard\s.tx in PT0S
2026-10-06T00:23:18.164209800  [INFO] rendering.FileSystemRasterRepository: Loaded from assets\fonts\test\standard\t.tx in PT0S
2026-10-06T00:23:18.164209800  [INFO] rendering.FileSystemRasterRepository: Loaded from assets\fonts\test\standard\u.tx in PT0S
2026-10-06T00:23:18.164209800  [INFO] rendering.FileSystemRasterRepository: Loaded from assets\fonts\test\standard\v.tx in PT0S
2026-10-06T00:23:18.164209800  [INFO] rendering.FileSystemRasterRepository: Loaded from assets\fonts\test\standard\w.tx in PT0S
2026-10-06T00:23:18.164209800  [INFO] rendering.FileSystemRasterRepository: Loaded from assets\fonts\test\standard\x.tx in PT0S
2026-10-06T00:23:18.164209800  [INFO] rendering.FileSystemRasterRepository: Loaded from assets\fonts\test\standard\y.tx in PT0S
2026-10-06T00:23:18.164209800  [INFO] rendering.FileSystemRasterRepository: Loaded from assets\fonts\test\standard\z.tx in PT0S
2026-10-06T00:23:18.164209800  [INFO] rendering.FileSystemRasterRepository: Loaded from assets\fonts\test\standard\left_curly_brace.tx in PT0S
2026-10-06T00:23:18.164209800  [INFO] rendering.FileSystemRasterRepository: Loaded from assets\fonts\test\standard\pipe.tx in PT0S
2026-10-06T00:23:18.164209800  [INFO] rendering.FileSystemRasterRepository: Loaded from assets\fonts\test\standard\right_curly_brace.tx in PT0S
2026-10-06T00:23:18.164209800  [INFO] rendering.FileSystemRasterRepository: Loaded from assets\fonts\test\standard\tilde.tx in PT0S
2026-10-06T00:23:18.164209800  [INFO] rendering.FsFontLoader: Loaded font assets\fonts\test in PT0.0129034S
2026-10-06T00:23:18.164209800  [INFO] ui.BindingsLoader: Loaded 15 binding(s)
2026-10-06T00:23:18.164209800  [INFO] ui.BindingsLoader: Loaded 15 binding(s)
2026-10-06T00:23:18.172399300  [INFO] ui.BindingsLoader: Loaded 9 binding(s)
2026-10-06T00:23:18.172399300  [INFO] ui.BindingsLoader: Loaded 3 binding(s)
budget-low,40.50,24.88,26.55,52.56,400,400,1,454.24,8
2026-10-06T00:23:24.183354600  [INFO] rendering.FileSystemRasterRepository: Loaded from assets\fonts\test\standard\nil.tx in PT0S
2026-10-06T00:23:24.183354600  [INFO] rendering.FileSystemRasterRepository: Loaded from assets\fonts\test\standard\space.tx in PT0S
2026-10-06T00:23:24.183354600  [INFO] rendering.FileSystemRasterRepository: Loaded from assets\fonts\test\standard\bang.tx in PT0S
2026-10-06T00:23:24.183354600  [INFO] rendering.FileSystemRasterRepository: Loaded from assets\fonts\test\standard\quotation.tx in PT0S
2026-10-06T00:23:24.183354600  [INFO] rendering.FileSystemRasterRepository: Loaded from assets\fonts\test\standard\hash.tx in PT0S
2026-10-06T00:23:24.183354600  [INFO] rendering.FileSystemRasterRepository: Loaded from assets\fonts\test\standard\dollar.tx in PT0S
2026-10-06T00:23:24.183354600  [INFO] rendering.FileSystemRasterRepository: Loaded from assets\fonts\test\standard\percent.tx in PT0S
2026-10-06T00:23:24.183354600  [INFO] rendering.FileSystemRasterRepository: Loaded from assets\fonts\test\standard\ampersand.tx in PT0S
2026-10-06T00:23:24.183354600  [INFO] rendering.FileSystemRasterRepository: Loaded from assets\fonts\test\standard\apostrophe.tx in PT0S
2026-10-06T00:23:24.183354600  [INFO] rendering.FileSystemRasterRepository: Loaded from assets\fonts\test\standard\left_paren.tx in PT0S
2026-10-06T00:23:24.183354600  [INFO] rendering.FileSystemRasterRepository: Loaded from assets\fonts\test\standard\right_paren.tx in PT0S
2026-10-06T00:23:24.183354600  [INFO] rendering.FileSystemRasterRepository: Loaded from assets\fonts\test\standard\star.tx in PT0S
2026-10-06T00:23:24.183354600  [INFO] rendering.FileSystemRasterRepository: Loaded from assets\fonts\test\standard\plus.tx in PT0S
2026-10-06T00:23:24.183354600  [INFO] rendering.FileSystemRasterRepository: Loaded from assets\fonts\test\standard\comma.tx in PT0S
2026-10-06T00:23:24.183354600  [INFO] rendering.FileSystemRasterRepository: Loaded from assets\fonts\test\standard\hyphen.tx in PT0S
2026-10-06T00:23:24.183354600  [INFO] rendering.FileSystemRasterRepository: Loaded from assets\fonts\test\standard\dot.tx in PT0S
2026-10-06T00:23:24.183354600  [INFO] rendering.FileSystemRasterRepository: Loaded from assets\fonts\test\standard\slash.tx in PT0S
2026-10-06T00:23:24.183354600  [INFO] rendering.FileSystemRasterRepository: Loaded from assets\fonts\test\standard\0.tx in PT0S
2026-10-06T00:23:24.183354600  [INFO] rendering.FileSystemRasterRepository: Loaded from assets\fonts\test\standard\1.tx in PT0S
2026-10-06T00:23:24.183354600  [INFO] rendering.FileSystemRasterRepository: Loaded from assets\fonts\test\standard\2.tx in PT0S
2026-10-06T00:23:24.183354600  [INFO] rendering.FileSystemRasterRepository: Loaded from assets\fonts\test\standard\3.tx in PT0S
2026-10-06T00:23:24.183354600  [INFO] rendering.FileSystemRasterRepository: Loaded from assets\fonts\test\standard\4.tx in PT0S
2026-10-06T00:23:24.183354600  [INFO] rendering.FileSystemRasterRepository: Loaded from assets\fonts\test\standard\5.tx in PT0S
2026-10-06T00:23:24.183354600  [INFO] rendering.FileSystemRasterRepository: Loaded from assets\fonts\test\standard\6.tx in PT0S
2026-10-06T00:23:24.183354600  [INFO] rendering.FileSystemRasterRepository: Loaded from assets\fonts\test\standard\7.tx in PT0S
2026-10-06T00:23:24.183354600  [INFO] rendering.FileSystemRasterRepository: Loaded from assets\fonts\test\standard\8.tx in PT0S
2026-10-06T00:23:24.183354600  [INFO] rendering.FileSystemRasterRepository: Loaded from assets\fonts\test\standard\9.tx in PT0S
2026-10-06T00:23:24.183354600  [INFO] rendering.FileSystemRasterRepository: Loaded from assets\fonts\test\standard\colon.tx in PT0S
2026-10-06T00:23:24.183354600  [INFO] rendering.FileSystemRasterRepository: Loaded from assets\fonts\test\standard\semicolon.tx in PT0S
2026-10-06T00:23:24.183354600  [INFO] rendering.FileSystemRasterRepository: Loaded from assets\fonts\test\standard\less_than.tx in PT0S
2026-10-06T00:23:24.183354600  [INFO] rendering.FileSystemRasterRepository: Loaded from assets\fonts\test\standard\equal.tx in PT0S
2026-10-06T00:23:24.183354600  [INFO] rendering.FileSystemRasterRepository: Loaded from assets\fonts\test\standard\greater_than.tx in PT0S
2026-10-06T00:23:24.183354600  [INFO] rendering.FileSystemRasterRepository: Loaded from assets\fonts\test\standard\question.tx in PT0S
2026-10-06T00:23:24.183354600  [INFO] rendering.FileSystemRasterRepository: Loaded from assets\fonts\test\standard\at.tx in PT0S
2026-10-06T00:23:24.183354600  [INFO] rendering.FileSystemRasterRepository: Loaded from assets\fonts\test\standard\left_square_bracket.tx in PT0S
2026-10-06T00:23:24.183354600  [INFO] rendering.FileSystemRasterRepository: Loaded from assets\fonts\test\standard\backslash.tx in PT0S
2026-10-06T00:23:24.183354600  [INFO] rendering.FileSystemRasterRepository: Loaded from assets\fonts\test\standard\right_square_bracket.tx in PT0S
2026-10-06T00:23:24.183354600  [INFO] rendering.FileSystemRasterRepository: Loaded from assets\fonts\test\standard\caret.tx in PT0S
2026-10-06T00:23:24.183354600  [INFO] rendering.FileSystemRasterRepository: Loaded from assets\fonts\test\standard\underscore.tx in PT0S
2026-10-06T00:23:24.183354600  [INFO] rendering.FileSystemRasterRepository: Loaded from assets\fonts\test\standard\grave.tx in PT0S
2026-10-06T00:23:24.183354600  [INFO] rendering.FileSystemRasterRepository: Loaded from assets\fonts\test\standard\a.tx in PT0S
2026-10-06T00:23:24.183354600  [INFO] rendering.FileSystemRasterRepository: Loaded from assets\fonts\test\standard\b.tx in PT0S
2026-10-06T00:23:24.183354600  [INFO] rendering.FileSystemRasterRepository: Loaded from assets\fonts\test\standard\c.tx in PT0S
2026-10-06T00:23:24.183354600  [INFO] rendering.FileSystemRasterRepository: Loaded from assets\fonts\test\standard\d.tx in PT0S
2026-10-06T00:23:24.183354600  [INFO] rendering.FileSystemRasterRepository: Loaded from assets\fonts\test\standard\e.tx in PT0S
2026-10-06T00:23:24.183354600  [INFO] rendering.FileSystemRasterRepository: Loaded from assets\fonts\test\standard\f.tx in PT0S
2026-10-06T00:23:24.183354600  [INFO] rendering.FileSystemRasterRepository: Loaded from assets\fonts\test\standard\g.tx in PT0S
2026-10-06T00:23:24.183354600  [INFO] rendering.FileSystemRasterRepository: Loaded from assets\fonts\test\standard\h.tx in PT0S
2026-10-06T00:23:24.183354600  [INFO] rendering.FileSystemRasterRepository: Loaded from assets\fonts\test\standard\i.tx in PT0S
2026-10-06T00:23:24.183354600  [INFO] rendering.FileSystemRasterRepository: Loaded from assets\fonts\test\standard\j.tx in PT0S
2026-10-06T00:23:24.183354600  [INFO] rendering.FileSystemRasterRepository: Loaded from assets\fonts\test\standard\k.tx in PT0S
2026-10-06T00:23:24.183354600  [INFO] rendering.FileSystemRasterRepository: Loaded from assets\fonts\test\standard\l.tx in PT0S
2026-10-06T00:23:24.183354600  [INFO] rendering.FileSystemRasterRepository: Loaded from assets\fonts\test\standard\m.tx in PT0S
2026-10-06T00:23:24.183354600  [INFO] rendering.FileSystemRasterRepository: Loaded from assets\fonts\test\standard\n.tx in PT0S
2026-10-06T00:23:24.183354600  [INFO] rendering.FileSystemRasterRepository: Loaded from assets\fonts\test\standard\o.tx in PT0S
2026-10-06T00:23:24.183354600  [INFO] rendering.FileSystemRasterRepository: Loaded from assets\fonts\test\standard\p.tx in PT0S
2026-10-06T00:23:24.183354600  [INFO] rendering.FileSystemRasterRepository: Loaded from assets\fonts\test\standard\q.tx in PT0S
2026-10-06T00:23:24.183354600  [INFO] rendering.FileSystemRasterRepository: Loaded from assets\fonts\test\standard\r.tx in PT0S
2026-10-06T00:23:24.183354600  [INFO] rendering.FileSystemRasterRepository: Loaded from assets\fonts\test\standard\s.tx in PT0S
2026-10-06T00:23:24.183354600  [INFO] rendering.FileSystemRasterRepository: Loaded from assets\fonts\test\standard\t.tx in PT0S
2026-10-06T00:23:24.183354600  [INFO] rendering.FileSystemRasterRepository: Loaded from assets\fonts\test\standard\u.tx in PT0S
2026-10-06T00:23:24.183354600  [INFO] rendering.FileSystemRasterRepository: Loaded from assets\fonts\test\standard\v.tx in PT0S
2026-10-06T00:23:24.183354600  [INFO] rendering.FileSystemRasterRepository: Loaded from assets\fonts\test\standard\w.tx in PT0S
2026-10-06T00:23:24.183354600  [INFO] rendering.FileSystemRasterRepository: Loaded from assets\fonts\test\standard\x.tx in PT0S
2026-10-06T00:23:24.183354600  [INFO] rendering.FileSystemRasterRepository: Loaded from assets\fonts\test\standard\y.tx in PT0S
2026-10-06T00:23:24.183354600  [INFO] rendering.FileSystemRasterRepository: Loaded from assets\fonts\test\standard\z.tx in PT0S
2026-10-06T00:23:24.183354600  [INFO] rendering.FileSystemRasterRepository: Loaded from assets\fonts\test\standard\left_curly_brace.tx in PT0S
2026-10-06T00:23:24.183354600  [INFO] rendering.FileSystemRasterRepository: Loaded from assets\fonts\test\standard\pipe.tx in PT0S
2026-10-06T00:23:24.183354600  [INFO] rendering.FileSystemRasterRepository: Loaded from assets\fonts\test\standard\right_curly_brace.tx in PT0S
2026-10-06T00:23:24.183354600  [INFO] rendering.FileSystemRasterRepository: Loaded from assets\fonts\test\standard\tilde.tx in PT0S
2026-10-06T00:23:24.183354600  [INFO] rendering.FsFontLoader: Loaded font assets\fonts\test in PT0S
2026-10-06T00:23:24.183354600  [INFO] ui.BindingsLoader: Loaded 15 binding(s)
2026-10-06T00:23:24.183354600  [INFO] ui.BindingsLoader: Loaded 15 binding(s)
2026-10-06T00:23:24.198862600  [INFO] ui.BindingsLoader: Loaded 9 binding(s)
2026-10-06T00:23:24.198862600  [INFO] ui.BindingsLoader: Loaded 3 binding(s)
budget-p4,45.00,22.37,23.70,46.35,200,200,2,455.85,8
2026-10-06T00:23:30.213251300  [INFO] rendering.FileSystemRasterRepository: Loaded from assets\fonts\test\standard\nil.tx in PT0S
2026-10-06T00:23:30.214251400  [INFO] rendering.FileSystemRasterRepository: Loaded from assets\fonts\test\standard\space.tx in PT0.0010001S
2026-10-06T00:23:30.214251400  [INFO] rendering.FileSystemRasterRepository: Loaded from assets\fonts\test\standard\bang.tx in PT0S
2026-10-06T00:23:30.214251400  [INFO] rendering.FileSystemRasterRepository: Loaded from assets\fonts\test\standard\quotation.tx in PT0S
2026-10-06T00:23:30.214251400  [INFO] rendering.FileSystemRasterRepository: Loaded from assets\fonts\test\standard\hash.tx in PT0S
2026-10-06T00:23:30.214251400  [INFO] rendering.FileSystemRasterRepository: Loaded from assets\fonts\test\standard\dollar.tx in PT0S
2026-10-06T00:23:30.214251400  [INFO] rendering.FileSystemRasterRepository: Loaded from assets\fonts\test\standard\percent.tx in PT0S
2026-10-06T00:23:30.214251400  [INFO] rendering.FileSystemRasterRepository: Loaded from assets\fonts\test\standard\ampersand.tx in PT0S
2026-10-06T00:23:30.214251400  [INFO] rendering.FileSystemRasterRepository: Loaded from assets\fonts\test\standard\apostrophe.tx in PT0S
2026-10-06T00:23:30.215251800  [INFO] rendering.FileSystemRasterRepository: Loaded from assets\fonts\test\standard\left_paren.tx in PT0.0010004S
2026-10-06T00:23:30.215251800  [INFO] rendering.FileSystemRasterRepository: Loaded from assets\fonts\test\standard\right_paren.tx in PT0S
2026-10-06T00:23:30.215251800  [INFO] rendering.FileSystemRasterRepository: Loaded from assets\fonts\test\standard\star.tx in PT0S
2026-10-06T00:23:30.215251800  [INFO] rendering.FileSystemRasterRepository: Loaded from assets\fonts\test\standard\plus.tx in PT0S
2026-10-06T00:23:30.215251800  [INFO] rendering.FileSystemRasterRepository: Loaded from assets\fonts\test\standard\comma.tx in PT0S
2026-10-06T00:23:30.215251800  [INFO] rendering.FileSystemRasterRepository: Loaded from assets\fonts\test\standard\hyphen.tx in PT0S
2026-10-06T00:23:30.215251800  [INFO] rendering.FileSystemRasterRepository: Loaded from assets\fonts\test\standard\dot.tx in PT0S
2026-10-06T00:23:30.215251800  [INFO] rendering.FileSystemRasterRepository: Loaded from assets\fonts\test\standard\slash.tx in PT0S
2026-10-06T00:23:30.215251800  [INFO] rendering.FileSystemRasterRepository: Loaded from assets\fonts\test\standard\0.tx in PT0S
2026-10-06T00:23:30.215251800  [INFO] rendering.FileSystemRasterRepository: Loaded from assets\fonts\test\standard\1.tx in PT0S
2026-10-06T00:23:30.215251800  [INFO] rendering.FileSystemRasterRepository: Loaded from assets\fonts\test\standard\2.tx in PT0S
2026-10-06T00:23:30.215251800  [INFO] rendering.FileSystemRasterRepository: Loaded from assets\fonts\test\standard\3.tx in PT0S
2026-10-06T00:23:30.215251800  [INFO] rendering.FileSystemRasterRepository: Loaded from assets\fonts\test\standard\4.tx in PT0S
2026-10-06T00:23:30.215251800  [INFO] rendering.FileSystemRasterRepository: Loaded from assets\fonts\test\standard\5.tx in PT0S
2026-10-06T00:23:30.215251800  [INFO] rendering.FileSystemRasterRepository: Loaded from assets\fonts\test\standard\6.tx in PT0S
2026-10-06T00:23:30.215251800  [INFO] rendering.FileSystemRasterRepository: Loaded from assets\fonts\test\standard\7.tx in PT0S
2026-10-06T00:23:30.215251800  [INFO] rendering.FileSystemRasterRepository: Loaded from assets\fonts\test\standard\8.tx in PT0S
2026-10-06T00:23:30.215251800  [INFO] rendering.FileSystemRasterRepository: Loaded from assets\fonts\test\standard\9.tx in PT0S
2026-10-06T00:23:30.215251800  [INFO] rendering.FileSystemRasterRepository: Loaded from assets\fonts\test\standard\colon.tx in PT0S
2026-10-06T00:23:30.215251800  [INFO] rendering.FileSystemRasterRepository: Loaded from assets\fonts\test\standard\semicolon.tx in PT0S
2026-10-06T00:23:30.215251800  [INFO] rendering.FileSystemRasterRepository: Loaded from assets\fonts\test\standard\less_than.tx in PT0S
2026-10-06T00:23:30.215251800  [INFO] rendering.FileSystemRasterRepository: Loaded from assets\fonts\test\standard\equal.tx in PT0S
2026-10-06T00:23:30.215251800  [INFO] rendering.FileSystemRasterRepository: Loaded from assets\fonts\test\standard\greater_than.tx in PT0S
2026-10-06T00:23:30.215251800  [INFO] rendering.FileSystemRasterRepository: Loaded from assets\fonts\test\standard\question.tx in PT0S
2026-10-06T00:23:30.215251800  [INFO] rendering.FileSystemRasterRepository: Loaded from assets\fonts\test\standard\at.tx in PT0S
2026-10-06T00:23:30.215251800  [INFO] rendering.FileSystemRasterRepository: Loaded from assets\fonts\test\standard\left_square_bracket.tx in PT0S
2026-10-06T00:23:30.215251800  [INFO] rendering.FileSystemRasterRepository: Loaded from assets\fonts\test\standard\backslash.tx in PT0S
2026-10-06T00:23:30.215251800  [INFO] rendering.FileSystemRasterRepository: Loaded from assets\fonts\test\standard\right_square_bracket.tx in PT0S
2026-10-06T00:23:30.215251800  [INFO] rendering.FileSystemRasterRepository: Loaded from assets\fonts\test\standard\caret.tx in PT0S
2026-10-06T00:23:30.215251800  [INFO] rendering.FileSystemRasterRepository: Loaded from assets\fonts\test\standard\underscore.tx in PT0S
2026-10-06T00:23:30.215251800  [INFO] rendering.FileSystemRasterRepository: Loaded from assets\fonts\test\standard\grave.tx in PT0S
2026-10-06T00:23:30.215251800  [INFO] rendering.FileSystemRasterRepository: Loaded from assets\fonts\test\standard\a.tx in PT0S
2026-10-06T00:23:30.215251800  [INFO] rendering.FileSystemRasterRepository: Loaded from assets\fonts\test\standard\b.tx in PT0S
2026-10-06T00:23:30.215251800  [INFO] rendering.FileSystemRasterRepository: Loaded from assets\fonts\test\standard\c.tx in PT0S
2026-10-06T00:23:30.215251800  [INFO] rendering.FileSystemRasterRepository: Loaded from assets\fonts\test\standard\d.tx in PT0S
2026-10-06T00:23:30.215251800  [INFO] rendering.FileSystemRasterRepository: Loaded from assets\fonts\test\standard\e.tx in PT0S
2026-10-06T00:23:30.215251800  [INFO] rendering.FileSystemRasterRepository: Loaded from assets\fonts\test\standard\f.tx in PT0S
2026-10-06T00:23:30.215251800  [INFO] rendering.FileSystemRasterRepository: Loaded from assets\fonts\test\standard\g.tx in PT0S
2026-10-06T00:23:30.215251800  [INFO] rendering.FileSystemRasterRepository: Loaded from assets\fonts\test\standard\h.tx in PT0S
2026-10-06T00:23:30.215251800  [INFO] rendering.FileSystemRasterRepository: Loaded from assets\fonts\test\standard\i.tx in PT0S
2026-10-06T00:23:30.215251800  [INFO] rendering.FileSystemRasterRepository: Loaded from assets\fonts\test\standard\j.tx in PT0S
2026-10-06T00:23:30.215251800  [INFO] rendering.FileSystemRasterRepository: Loaded from assets\fonts\test\standard\k.tx in PT0S
2026-10-06T00:23:30.215251800  [INFO] rendering.FileSystemRasterRepository: Loaded from assets\fonts\test\standard\l.tx in PT0S
2026-10-06T00:23:30.215251800  [INFO] rendering.FileSystemRasterRepository: Loaded from assets\fonts\test\standard\m.tx in PT0S
2026-10-06T00:23:30.215251800  [INFO] rendering.FileSystemRasterRepository: Loaded from assets\fonts\test\standard\n.tx in PT0S
2026-10-06T00:23:30.215251800  [INFO] rendering.FileSystemRasterRepository: Loaded from assets\fonts\test\standard\o.tx in PT0S
2026-10-06T00:23:30.215251800  [INFO] rendering.FileSystemRasterRepository: Loaded from assets\fonts\test\standard\p.tx in PT0S
2026-10-06T00:23:30.215251800  [INFO] rendering.FileSystemRasterRepository: Loaded from assets\fonts\test\standard\q.tx in PT0S
2026-10-06T00:23:30.215251800  [INFO] rendering.FileSystemRasterRepository: Loaded from assets\fonts\test\standard\r.tx in PT0S
2026-10-06T00:23:30.215251800  [INFO] rendering.FileSystemRasterRepository: Loaded from assets\fonts\test\standard\s.tx in PT0S
2026-10-06T00:23:30.215251800  [INFO] rendering.FileSystemRasterRepository: Loaded from assets\fonts\test\standard\t.tx in PT0S
2026-10-06T00:23:30.219850600  [INFO] rendering.FileSystemRasterRepository: Loaded from assets\fonts\test\standard\u.tx in PT0S
2026-10-06T00:23:30.219850600  [INFO] rendering.FileSystemRasterRepository: Loaded from assets\fonts\test\standard\v.tx in PT0S
2026-10-06T00:23:30.219850600  [INFO] rendering.FileSystemRasterRepository: Loaded from assets\fonts\test\standard\w.tx in PT0S
2026-10-06T00:23:30.219850600  [INFO] rendering.FileSystemRasterRepository: Loaded from assets\fonts\test\standard\x.tx in PT0S
2026-10-06T00:23:30.219850600  [INFO] rendering.FileSystemRasterRepository: Loaded from assets\fonts\test\standard\y.tx in PT0S
2026-10-06T00:23:30.219850600  [INFO] rendering.FileSystemRasterRepository: Loaded from assets\fonts\test\standard\z.tx in PT0S
2026-10-06T00:23:30.219850600  [INFO] rendering.FileSystemRasterRepository: Loaded from assets\fonts\test\standard\left_curly_brace.tx in PT0S
2026-10-06T00:23:30.219850600  [INFO] rendering.FileSystemRasterRepository: Loaded from assets\fonts\test\standard\pipe.tx in PT0S
2026-10-06T00:23:30.219850600  [INFO] rendering.FileSystemRasterRepository: Loaded from assets\fonts\test\standard\right_curly_brace.tx in PT0S
2026-10-06T00:23:30.219850600  [INFO] rendering.FileSystemRasterRepository: Loaded from assets\fonts\test\standard\tilde.tx in PT0S
2026-10-06T00:23:30.219850600  [INFO] rendering.FsFontLoader: Loaded font assets\fonts\test in PT0.0065993S
2026-10-06T00:23:30.219850600  [INFO] ui.BindingsLoader: Loaded 15 binding(s)
2026-10-06T00:23:30.219850600  [INFO] ui.BindingsLoader: Loaded 15 binding(s)
2026-10-06T00:23:30.225688700  [INFO] ui.BindingsLoader: Loaded 9 binding(s)
2026-10-06T00:23:30.225688700  [INFO] ui.BindingsLoader: Loaded 3 binding(s)
p4,44.50,22.49,23.44,46.31,200,200,2,460.79,8
2026-10-06T00:23:36.239793800  [INFO] rendering.FileSystemRasterRepository: Loaded from assets\fonts\test\standard\nil.tx in PT0S
2026-10-06T00:23:36.239793800  [INFO] rendering.FileSystemRasterRepository: Loaded from assets\fonts\test\standard\space.tx in PT0S
2026-10-06T00:23:36.239793800  [INFO] rendering.FileSystemRasterRepository: Loaded from assets\fonts\test\standard\bang.tx in PT0S
2026-10-06T00:23:36.239793800  [INFO] rendering.FileSystemRasterRepository: Loaded from assets\fonts\test\standard\quotation.tx in PT0S
2026-10-06T00:23:36.239793800  [INFO] rendering.FileSystemRasterRepository: Loaded from assets\fonts\test\standard\hash.tx in PT0S
2026-10-06T00:23:36.239793800  [INFO] rendering.FileSystemRasterRepository: Loaded from assets\fonts\test\standard\dollar.tx in PT0S
2026-10-06T00:23:36.239793800  [INFO] rendering.FileSystemRasterRepository: Loaded from assets\fonts\test\standard\percent.tx in PT0S
2026-10-06T00:23:36.239793800  [INFO] rendering.FileSystemRasterRepository: Loaded from assets\fonts\test\standard\ampersand.tx in PT0S
2026-10-06T00:23:36.240794200  [INFO] rendering.FileSystemRasterRepository: Loaded from assets\fonts\test\standard\apostrophe.tx in PT0.0010004S
2026-10-06T00:23:36.240794200  [INFO] rendering.FileSystemRasterRepository: Loaded from assets\fonts\test\standard\left_paren.tx in PT0S
2026-10-06T00:23:36.240794200  [INFO] rendering.FileSystemRasterRepository: Loaded from assets\fonts\test\standard\right_paren.tx in PT0S
2026-10-06T00:23:36.241207000  [INFO] rendering.FileSystemRasterRepository: Loaded from assets\fonts\test\standard\star.tx in PT0S
2026-10-06T00:23:36.241207000  [INFO] rendering.FileSystemRasterRepository: Loaded from assets\fonts\test\standard\plus.tx in PT0S
2026-10-06T00:23:36.241207000  [INFO] rendering.FileSystemRasterRepository: Loaded from assets\fonts\test\standard\comma.tx in PT0S
2026-10-06T00:23:36.241207000  [INFO] rendering.FileSystemRasterRepository: Loaded from assets\fonts\test\standard\hyphen.tx in PT0S
2026-10-06T00:23:36.241207000  [INFO] rendering.FileSystemRasterRepository: Loaded from assets\fonts\test\standard\dot.tx in PT0S
2026-10-06T00:23:36.241207000  [INFO] rendering.FileSystemRasterRepository: Loaded from assets\fonts\test\standard\slash.tx in PT0S
2026-10-06T00:23:36.241207000  [INFO] rendering.FileSystemRasterRepository: Loaded from assets\fonts\test\standard\0.tx in PT0S
2026-10-06T00:23:36.241207000  [INFO] rendering.FileSystemRasterRepository: Loaded from assets\fonts\test\standard\1.tx in PT0S
2026-10-06T00:23:36.241207000  [INFO] rendering.FileSystemRasterRepository: Loaded from assets\fonts\test\standard\2.tx in PT0S
2026-10-06T00:23:36.241207000  [INFO] rendering.FileSystemRasterRepository: Loaded from assets\fonts\test\standard\3.tx in PT0S
2026-10-06T00:23:36.241207000  [INFO] rendering.FileSystemRasterRepository: Loaded from assets\fonts\test\standard\4.tx in PT0S
2026-10-06T00:23:36.242222200  [INFO] rendering.FileSystemRasterRepository: Loaded from assets\fonts\test\standard\5.tx in PT0.0010152S
2026-10-06T00:23:36.242222200  [INFO] rendering.FileSystemRasterRepository: Loaded from assets\fonts\test\standard\6.tx in PT0S
2026-10-06T00:23:36.242222200  [INFO] rendering.FileSystemRasterRepository: Loaded from assets\fonts\test\standard\7.tx in PT0S
2026-10-06T00:23:36.242222200  [INFO] rendering.FileSystemRasterRepository: Loaded from assets\fonts\test\standard\8.tx in PT0S
2026-10-06T00:23:36.242222200  [INFO] rendering.FileSystemRasterRepository: Loaded from assets\fonts\test\standard\9.tx in PT0S
2026-10-06T00:23:36.242222200  [INFO] rendering.FileSystemRasterRepository: Loaded from assets\fonts\test\standard\colon.tx in PT0S
2026-10-06T00:23:36.242222200  [INFO] rendering.FileSystemRasterRepository: Loaded from assets\fonts\test\standard\semicolon.tx in PT0S
2026-10-06T00:23:36.242222200  [INFO] rendering.FileSystemRasterRepository: Loaded from assets\fonts\test\standard\less_than.tx in PT0S
2026-10-06T00:23:36.242222200  [INFO] rendering.FileSystemRasterRepository: Loaded from assets\fonts\test\standard\equal.tx in PT0S
2026-10-06T00:23:36.243222800  [INFO] rendering.FileSystemRasterRepository: Loaded from assets\fonts\test\standard\greater_than.tx in PT0.0010006S
2026-10-06T00:23:36.243222800  [INFO] rendering.FileSystemRasterRepository: Loaded from assets\fonts\test\standard\question.tx in PT0S
2026-10-06T00:23:36.243222800  [INFO] rendering.FileSystemRasterRepository: Loaded from assets\fonts\test\standard\at.tx in PT0S
2026-10-06T00:23:36.243222800  [INFO] rendering.FileSystemRasterRepository: Loaded from assets\fonts\test\standard\left_square_bracket.tx in PT0S
2026-10-06T00:23:36.243222800  [INFO] rendering.FileSystemRasterRepository: Loaded from assets\fonts\test\standard\backslash.tx in PT0S
2026-10-06T00:23:36.243222800  [INFO] rendering.FileSystemRasterRepository: Loaded from assets\fonts\test\standard\right_square_bracket.tx in PT0S
2026-10-06T00:23:36.243222800  [INFO] rendering.FileSystemRasterRepository: Loaded from assets\fonts\test\standard\caret.tx in PT0S
2026-10-06T00:23:36.243222800  [INFO] rendering.FileSystemRasterRepository: Loaded from assets\fonts\test\standard\underscore.tx in PT0S
2026-10-06T00:23:36.244224000  [INFO] rendering.FileSystemRasterRepository: Loaded from assets\fonts\test\standard\grave.tx in PT0.0010012S
2026-10-06T00:23:36.244224000  [INFO] rendering.FileSystemRasterRepository: Loaded from assets\fonts\test\standard\a.tx in PT0S
2026-10-06T00:23:36.244224000  [INFO] rendering.FileSystemRasterRepository: Loaded from assets\fonts\test\standard\b.tx in PT0S
2026-10-06T00:23:36.244224000  [INFO] rendering.FileSystemRasterRepository: Loaded from assets\fonts\test\standard\c.tx in PT0S
2026-10-06T00:23:36.244224000  [INFO] rendering.FileSystemRasterRepository: Loaded from assets\fonts\test\standard\d.tx in PT0S
2026-10-06T00:23:36.244224000  [INFO] rendering.FileSystemRasterRepository: Loaded from assets\fonts\test\standard\e.tx in PT0S
2026-10-06T00:23:36.244224000  [INFO] rendering.FileSystemRasterRepository: Loaded from assets\fonts\test\standard\f.tx in PT0S
2026-10-06T00:23:36.244224000  [INFO] rendering.FileSystemRasterRepository: Loaded from assets\fonts\test\standard\g.tx in PT0S
2026-10-06T00:23:36.244224000  [INFO] rendering.FileSystemRasterRepository: Loaded from assets\fonts\test\standard\h.tx in PT0S
2026-10-06T00:23:36.244224000  [INFO] rendering.FileSystemRasterRepository: Loaded from assets\fonts\test\standard\i.tx in PT0S
2026-10-06T00:23:36.244224000  [INFO] rendering.FileSystemRasterRepository: Loaded from assets\fonts\test\standard\j.tx in PT0S
2026-10-06T00:23:36.244224000  [INFO] rendering.FileSystemRasterRepository: Loaded from assets\fonts\test\standard\k.tx in PT0S
2026-10-06T00:23:36.245221900  [INFO] rendering.FileSystemRasterRepository: Loaded from assets\fonts\test\standard\l.tx in PT0.0009979S
2026-10-06T00:23:36.245221900  [INFO] rendering.FileSystemRasterRepository: Loaded from assets\fonts\test\standard\m.tx in PT0S
2026-10-06T00:23:36.245221900  [INFO] rendering.FileSystemRasterRepository: Loaded from assets\fonts\test\standard\n.tx in PT0S
2026-10-06T00:23:36.245221900  [INFO] rendering.FileSystemRasterRepository: Loaded from assets\fonts\test\standard\o.tx in PT0S
2026-10-06T00:23:36.245221900  [INFO] rendering.FileSystemRasterRepository: Loaded from assets\fonts\test\standard\p.tx in PT0S
2026-10-06T00:23:36.245221900  [INFO] rendering.FileSystemRasterRepository: Loaded from assets\fonts\test\standard\q.tx in PT0S
2026-10-06T00:23:36.245221900  [INFO] rendering.FileSystemRasterRepository: Loaded from assets\fonts\test\standard\r.tx in PT0S
2026-10-06T00:23:36.245221900  [INFO] rendering.FileSystemRasterRepository: Loaded from assets\fonts\test\standard\s.tx in PT0S
2026-10-06T00:23:36.245221900  [INFO] rendering.FileSystemRasterRepository: Loaded from assets\fonts\test\standard\t.tx in PT0S
2026-10-06T00:23:36.245221900  [INFO] rendering.FileSystemRasterRepository: Loaded from assets\fonts\test\standard\u.tx in PT0S
2026-10-06T00:23:36.245221900  [INFO] rendering.FileSystemRasterRepository: Loaded from assets\fonts\test\standard\v.tx in PT0S
2026-10-06T00:23:36.245221900  [INFO] rendering.FileSystemRasterRepository: Loaded from assets\fonts\test\standard\w.tx in PT0S
2026-10-06T00:23:36.245221900  [INFO] rendering.FileSystemRasterRepository: Loaded from assets\fonts\test\standard\x.tx in PT0S
2026-10-06T00:23:36.245221900  [INFO] rendering.FileSystemRasterRepository: Loaded from assets\fonts\test\standard\y.tx in PT0S
2026-10-06T00:23:36.246224100  [INFO] rendering.FileSystemRasterRepository: Loaded from assets\fonts\test\standard\z.tx in PT0.0010022S
2026-10-06T00:23:36.246224100  [INFO] rendering.FileSystemRasterRepository: Loaded from assets\fonts\test\standard\left_curly_brace.tx in PT0S
2026-10-06T00:23:36.246224100  [INFO] rendering.FileSystemRasterRepository: Loaded from assets\fonts\test\standard\pipe.tx in PT0S
2026-10-06T00:23:36.246224100  [INFO] rendering.FileSystemRasterRepository: Loaded from assets\fonts\test\standard\right_curly_brace.tx in PT0S
2026-10-06T00:23:36.246224100  [INFO] rendering.FileSystemRasterRepository: Loaded from assets\fonts\test\standard\tilde.tx in PT0S
2026-10-06T00:23:36.247122100  [INFO] rendering.FsFontLoader: Loaded font assets\fonts\test in PT0.0083283S
2026-10-06T00:23:36.247122100  [INFO] ui.BindingsLoader: Loaded 15 binding(s)
2026-10-06T00:23:36.247122100  [INFO] ui.BindingsLoader: Loaded 15 binding(s)
2026-10-06T00:23:36.251781100  [INFO] ui.BindingsLoader: Loaded 9 binding(s)
2026-10-06T00:23:36.251781100  [INFO] ui.BindingsLoader: Loaded 3 binding(s)
budget1,20.50,49.55,58.87,85.89,800,800,0,50.60,8
2026-10-06T00:23:42.260676200  [INFO] rendering.FileSystemRasterRepository: Loaded from assets\fonts\test\standard\nil.tx in PT0S
2026-10-06T00:23:42.260676200  [INFO] rendering.FileSystemRasterRepository: Loaded from assets\fonts\test\standard\space.tx in PT0S
2026-10-06T00:23:42.260676200  [INFO] rendering.FileSystemRasterRepository: Loaded from assets\fonts\test\standard\bang.tx in PT0S
2026-10-06T00:23:42.260676200  [INFO] rendering.FileSystemRasterRepository: Loaded from assets\fonts\test\standard\quotation.tx in PT0S
2026-10-06T00:23:42.260676200  [INFO] rendering.FileSystemRasterRepository: Loaded from assets\fonts\test\standard\hash.tx in PT0S
2026-10-06T00:23:42.260676200  [INFO] rendering.FileSystemRasterRepository: Loaded from assets\fonts\test\standard\dollar.tx in PT0S
2026-10-06T00:23:42.260676200  [INFO] rendering.FileSystemRasterRepository: Loaded from assets\fonts\test\standard\percent.tx in PT0S
2026-10-06T00:23:42.260676200  [INFO] rendering.FileSystemRasterRepository: Loaded from assets\fonts\test\standard\ampersand.tx in PT0S
2026-10-06T00:23:42.260676200  [INFO] rendering.FileSystemRasterRepository: Loaded from assets\fonts\test\standard\apostrophe.tx in PT0S
2026-10-06T00:23:42.260676200  [INFO] rendering.FileSystemRasterRepository: Loaded from assets\fonts\test\standard\left_paren.tx in PT0S
2026-10-06T00:23:42.260676200  [INFO] rendering.FileSystemRasterRepository: Loaded from assets\fonts\test\standard\right_paren.tx in PT0S
2026-10-06T00:23:42.260676200  [INFO] rendering.FileSystemRasterRepository: Loaded from assets\fonts\test\standard\star.tx in PT0S
2026-10-06T00:23:42.260676200  [INFO] rendering.FileSystemRasterRepository: Loaded from assets\fonts\test\standard\plus.tx in PT0S
2026-10-06T00:23:42.260676200  [INFO] rendering.FileSystemRasterRepository: Loaded from assets\fonts\test\standard\comma.tx in PT0S
2026-10-06T00:23:42.260676200  [INFO] rendering.FileSystemRasterRepository: Loaded from assets\fonts\test\standard\hyphen.tx in PT0S
2026-10-06T00:23:42.260676200  [INFO] rendering.FileSystemRasterRepository: Loaded from assets\fonts\test\standard\dot.tx in PT0S
2026-10-06T00:23:42.260676200  [INFO] rendering.FileSystemRasterRepository: Loaded from assets\fonts\test\standard\slash.tx in PT0S
2026-10-06T00:23:42.260676200  [INFO] rendering.FileSystemRasterRepository: Loaded from assets\fonts\test\standard\0.tx in PT0S
2026-10-06T00:23:42.260676200  [INFO] rendering.FileSystemRasterRepository: Loaded from assets\fonts\test\standard\1.tx in PT0S
2026-10-06T00:23:42.260676200  [INFO] rendering.FileSystemRasterRepository: Loaded from assets\fonts\test\standard\2.tx in PT0S
2026-10-06T00:23:42.260676200  [INFO] rendering.FileSystemRasterRepository: Loaded from assets\fonts\test\standard\3.tx in PT0S
2026-10-06T00:23:42.260676200  [INFO] rendering.FileSystemRasterRepository: Loaded from assets\fonts\test\standard\4.tx in PT0S
2026-10-06T00:23:42.260676200  [INFO] rendering.FileSystemRasterRepository: Loaded from assets\fonts\test\standard\5.tx in PT0S
2026-10-06T00:23:42.260676200  [INFO] rendering.FileSystemRasterRepository: Loaded from assets\fonts\test\standard\6.tx in PT0S
2026-10-06T00:23:42.260676200  [INFO] rendering.FileSystemRasterRepository: Loaded from assets\fonts\test\standard\7.tx in PT0S
2026-10-06T00:23:42.260676200  [INFO] rendering.FileSystemRasterRepository: Loaded from assets\fonts\test\standard\8.tx in PT0S
2026-10-06T00:23:42.260676200  [INFO] rendering.FileSystemRasterRepository: Loaded from assets\fonts\test\standard\9.tx in PT0S
2026-10-06T00:23:42.260676200  [INFO] rendering.FileSystemRasterRepository: Loaded from assets\fonts\test\standard\colon.tx in PT0S
2026-10-06T00:23:42.260676200  [INFO] rendering.FileSystemRasterRepository: Loaded from assets\fonts\test\standard\semicolon.tx in PT0S
2026-10-06T00:23:42.260676200  [INFO] rendering.FileSystemRasterRepository: Loaded from assets\fonts\test\standard\less_than.tx in PT0S
2026-10-06T00:23:42.260676200  [INFO] rendering.FileSystemRasterRepository: Loaded from assets\fonts\test\standard\equal.tx in PT0S
2026-10-06T00:23:42.260676200  [INFO] rendering.FileSystemRasterRepository: Loaded from assets\fonts\test\standard\greater_than.tx in PT0S
2026-10-06T00:23:42.260676200  [INFO] rendering.FileSystemRasterRepository: Loaded from assets\fonts\test\standard\question.tx in PT0S
2026-10-06T00:23:42.260676200  [INFO] rendering.FileSystemRasterRepository: Loaded from assets\fonts\test\standard\at.tx in PT0S
2026-10-06T00:23:42.263994500  [INFO] rendering.FileSystemRasterRepository: Loaded from assets\fonts\test\standard\left_square_bracket.tx in PT0.0033183S
2026-10-06T00:23:42.263994500  [INFO] rendering.FileSystemRasterRepository: Loaded from assets\fonts\test\standard\backslash.tx in PT0S
2026-10-06T00:23:42.263994500  [INFO] rendering.FileSystemRasterRepository: Loaded from assets\fonts\test\standard\right_square_bracket.tx in PT0S
2026-10-06T00:23:42.263994500  [INFO] rendering.FileSystemRasterRepository: Loaded from assets\fonts\test\standard\caret.tx in PT0S
2026-10-06T00:23:42.263994500  [INFO] rendering.FileSystemRasterRepository: Loaded from assets\fonts\test\standard\underscore.tx in PT0S
2026-10-06T00:23:42.263994500  [INFO] rendering.FileSystemRasterRepository: Loaded from assets\fonts\test\standard\grave.tx in PT0S
2026-10-06T00:23:42.263994500  [INFO] rendering.FileSystemRasterRepository: Loaded from assets\fonts\test\standard\a.tx in PT0S
2026-10-06T00:23:42.263994500  [INFO] rendering.FileSystemRasterRepository: Loaded from assets\fonts\test\standard\b.tx in PT0S
2026-10-06T00:23:42.263994500  [INFO] rendering.FileSystemRasterRepository: Loaded from assets\fonts\test\standard\c.tx in PT0S
2026-10-06T00:23:42.263994500  [INFO] rendering.FileSystemRasterRepository: Loaded from assets\fonts\test\standard\d.tx in PT0S
2026-10-06T00:23:42.263994500  [INFO] rendering.FileSystemRasterRepository: Loaded from assets\fonts\test\standard\e.tx in PT0S
2026-10-06T00:23:42.263994500  [INFO] rendering.FileSystemRasterRepository: Loaded from assets\fonts\test\standard\f.tx in PT0S
2026-10-06T00:23:42.263994500  [INFO] rendering.FileSystemRasterRepository: Loaded from assets\fonts\test\standard\g.tx in PT0S
2026-10-06T00:23:42.263994500  [INFO] rendering.FileSystemRasterRepository: Loaded from assets\fonts\test\standard\h.tx in PT0S
2026-10-06T00:23:42.263994500  [INFO] rendering.FileSystemRasterRepository: Loaded from assets\fonts\test\standard\i.tx in PT0S
2026-10-06T00:23:42.263994500  [INFO] rendering.FileSystemRasterRepository: Loaded from assets\fonts\test\standard\j.tx in PT0S
2026-10-06T00:23:42.263994500  [INFO] rendering.FileSystemRasterRepository: Loaded from assets\fonts\test\standard\k.tx in PT0S
2026-10-06T00:23:42.263994500  [INFO] rendering.FileSystemRasterRepository: Loaded from assets\fonts\test\standard\l.tx in PT0S
2026-10-06T00:23:42.263994500  [INFO] rendering.FileSystemRasterRepository: Loaded from assets\fonts\test\standard\m.tx in PT0S
2026-10-06T00:23:42.263994500  [INFO] rendering.FileSystemRasterRepository: Loaded from assets\fonts\test\standard\n.tx in PT0S
2026-10-06T00:23:42.263994500  [INFO] rendering.FileSystemRasterRepository: Loaded from assets\fonts\test\standard\o.tx in PT0S
2026-10-06T00:23:42.263994500  [INFO] rendering.FileSystemRasterRepository: Loaded from assets\fonts\test\standard\p.tx in PT0S
2026-10-06T00:23:42.263994500  [INFO] rendering.FileSystemRasterRepository: Loaded from assets\fonts\test\standard\q.tx in PT0S
2026-10-06T00:23:42.263994500  [INFO] rendering.FileSystemRasterRepository: Loaded from assets\fonts\test\standard\r.tx in PT0S
2026-10-06T00:23:42.263994500  [INFO] rendering.FileSystemRasterRepository: Loaded from assets\fonts\test\standard\s.tx in PT0S
2026-10-06T00:23:42.263994500  [INFO] rendering.FileSystemRasterRepository: Loaded from assets\fonts\test\standard\t.tx in PT0S
2026-10-06T00:23:42.263994500  [INFO] rendering.FileSystemRasterRepository: Loaded from assets\fonts\test\standard\u.tx in PT0S
2026-10-06T00:23:42.263994500  [INFO] rendering.FileSystemRasterRepository: Loaded from assets\fonts\test\standard\v.tx in PT0S
2026-10-06T00:23:42.263994500  [INFO] rendering.FileSystemRasterRepository: Loaded from assets\fonts\test\standard\w.tx in PT0S
2026-10-06T00:23:42.263994500  [INFO] rendering.FileSystemRasterRepository: Loaded from assets\fonts\test\standard\x.tx in PT0S
2026-10-06T00:23:42.263994500  [INFO] rendering.FileSystemRasterRepository: Loaded from assets\fonts\test\standard\y.tx in PT0S
2026-10-06T00:23:42.263994500  [INFO] rendering.FileSystemRasterRepository: Loaded from assets\fonts\test\standard\z.tx in PT0S
2026-10-06T00:23:42.263994500  [INFO] rendering.FileSystemRasterRepository: Loaded from assets\fonts\test\standard\left_curly_brace.tx in PT0S
2026-10-06T00:23:42.263994500  [INFO] rendering.FileSystemRasterRepository: Loaded from assets\fonts\test\standard\pipe.tx in PT0S
2026-10-06T00:23:42.263994500  [INFO] rendering.FileSystemRasterRepository: Loaded from assets\fonts\test\standard\right_curly_brace.tx in PT0S
2026-10-06T00:23:42.263994500  [INFO] rendering.FileSystemRasterRepository: Loaded from assets\fonts\test\standard\tilde.tx in PT0S
2026-10-06T00:23:42.268789700  [INFO] rendering.FsFontLoader: Loaded font assets\fonts\test in PT0.0081135S
2026-10-06T00:23:42.269789800  [INFO] ui.BindingsLoader: Loaded 15 binding(s)
2026-10-06T00:23:42.269789800  [INFO] ui.BindingsLoader: Loaded 15 binding(s)
2026-10-06T00:23:42.275052300  [INFO] ui.BindingsLoader: Loaded 9 binding(s)
2026-10-06T00:23:42.275052300  [INFO] ui.BindingsLoader: Loaded 3 binding(s)
raw3,19.50,51.27,62.00,92.06,800,800,0,87.50,8
