mesh=Teal box detail=0 amplitude=0.15
java=23.0.1 os=Windows 11 processors=20 panel=1400x850 mode=VERTEX durationMs=8000 paintPeriodMs=16 depth=3 sppPerBatch=1 target=8 workers=4 wireframe=true seeds=View A/View B title hashes
repeat=1 inputPeriodMs=16 durationSeconds=8.017 edits=262 deliveredEditsPerSecond=32.68 paints=262
edit-ms mean=0.741 p50=0.613 p95=1.541 max=5.257
edit-allocated-KiB mean=75.357 p50=76.367 p95=77.773 max=119.250
paint-ms mean=6.905 p50=6.688 p95=9.477 max=15.737
view=0 trace=360x225 fresh=251 freshFPS=31.31 candidateGenerationsObserved=253 overlaySerialsObserved=252 cancelled=0 wastedPaths=0 finalRevisionLatencyMs=46.328
view-0-fresh-interval-ms-including-final-hold mean=31.815 p50=30.519 p95=46.734 max=146.533
view-0-edit-to-paint-age-ms mean=79.789 p50=83.102 p95=86.537 max=91.595
view=1 trace=360x225 fresh=251 freshFPS=31.31 candidateGenerationsObserved=253 overlaySerialsObserved=252 cancelled=0 wastedPaths=0 finalRevisionLatencyMs=46.328
view-1-fresh-interval-ms-including-final-hold mean=31.815 p50=30.519 p95=46.734 max=146.533
view-1-edit-to-paint-age-ms mean=79.789 p50=83.102 p95=86.537 max=91.595
repeat=1 inputPeriodMs=4 durationSeconds=8.015 edits=422 deliveredEditsPerSecond=52.65 paints=267
edit-ms mean=0.322 p50=0.305 p95=0.488 max=1.822
edit-allocated-KiB mean=71.024 p50=71.242 p95=71.789 max=72.758
paint-ms mean=6.019 p50=5.960 p95=8.466 max=12.877
view=0 trace=360x225 fresh=265 freshFPS=33.06 candidateGenerationsObserved=266 overlaySerialsObserved=266 cancelled=0 wastedPaths=0 finalRevisionLatencyMs=50.930
view-0-fresh-interval-ms-including-final-hold mean=30.130 p50=30.503 p95=33.440 max=81.630
view-0-edit-to-paint-age-ms mean=69.450 p50=64.056 p95=84.207 max=92.410
view=1 trace=360x225 fresh=265 freshFPS=33.06 candidateGenerationsObserved=266 overlaySerialsObserved=265 cancelled=0 wastedPaths=0 finalRevisionLatencyMs=50.930
view-1-fresh-interval-ms-including-final-hold mean=30.130 p50=30.503 p95=33.440 max=81.630
view-1-edit-to-paint-age-ms mean=69.372 p50=63.843 p95=84.207 max=92.410
repeat=2 inputPeriodMs=16 durationSeconds=8.015 edits=261 deliveredEditsPerSecond=32.56 paints=261
edit-ms mean=0.276 p50=0.268 p95=0.382 max=1.007
edit-allocated-KiB mean=69.767 p50=69.906 p95=70.477 max=70.875
paint-ms mean=6.289 p50=6.033 p95=9.431 max=11.456
view=0 trace=360x225 fresh=252 freshFPS=31.44 candidateGenerationsObserved=254 overlaySerialsObserved=254 cancelled=0 wastedPaths=0 finalRevisionLatencyMs=33.551
view-0-fresh-interval-ms-including-final-hold mean=31.680 p50=30.758 p95=47.104 max=99.385
view-0-edit-to-paint-age-ms mean=81.295 p50=82.810 p95=86.212 max=87.961
view=1 trace=360x225 fresh=252 freshFPS=31.44 candidateGenerationsObserved=254 overlaySerialsObserved=254 cancelled=0 wastedPaths=0 finalRevisionLatencyMs=33.551
view-1-fresh-interval-ms-including-final-hold mean=31.680 p50=30.758 p95=47.104 max=99.385
view-1-edit-to-paint-age-ms mean=81.295 p50=82.810 p95=86.212 max=87.961
repeat=2 inputPeriodMs=4 durationSeconds=8.004 edits=342 deliveredEditsPerSecond=42.73 paints=264
edit-ms mean=0.231 p50=0.222 p95=0.336 max=0.763
edit-allocated-KiB mean=68.685 p50=68.672 p95=68.828 max=70.023
paint-ms mean=6.351 p50=6.107 p95=9.042 max=12.254
view=0 trace=360x225 fresh=262 freshFPS=32.73 candidateGenerationsObserved=264 overlaySerialsObserved=264 cancelled=0 wastedPaths=0 finalRevisionLatencyMs=35.645
view-0-fresh-interval-ms-including-final-hold mean=30.434 p50=30.479 p95=34.646 max=98.128
view-0-edit-to-paint-age-ms mean=75.639 p50=81.646 p95=85.696 max=96.971
view=1 trace=360x225 fresh=262 freshFPS=32.73 candidateGenerationsObserved=264 overlaySerialsObserved=264 cancelled=0 wastedPaths=0 finalRevisionLatencyMs=35.645
view-1-fresh-interval-ms-including-final-hold mean=30.434 p50=30.479 p95=34.646 max=98.128
view-1-edit-to-paint-age-ms mean=75.639 p50=81.646 p95=85.696 max=96.971
repeat=3 inputPeriodMs=16 durationSeconds=8.015 edits=260 deliveredEditsPerSecond=32.44 paints=259
edit-ms mean=0.248 p50=0.238 p95=0.358 max=0.627
edit-allocated-KiB mean=68.595 p50=68.578 p95=68.578 max=70.023
paint-ms mean=5.729 p50=5.729 p95=7.619 max=10.632
view=0 trace=360x225 fresh=241 freshFPS=30.07 candidateGenerationsObserved=243 overlaySerialsObserved=243 cancelled=0 wastedPaths=0 finalRevisionLatencyMs=35.337
view-0-fresh-interval-ms-including-final-hold mean=33.121 p50=30.841 p95=61.451 max=111.182
view-0-edit-to-paint-age-ms mean=79.210 p50=82.483 p95=85.437 max=88.452
view=1 trace=360x225 fresh=241 freshFPS=30.07 candidateGenerationsObserved=243 overlaySerialsObserved=243 cancelled=0 wastedPaths=0 finalRevisionLatencyMs=35.337
view-1-fresh-interval-ms-including-final-hold mean=33.121 p50=30.841 p95=61.451 max=111.182
view-1-edit-to-paint-age-ms mean=79.210 p50=82.483 p95=85.437 max=88.452
repeat=3 inputPeriodMs=4 durationSeconds=8.001 edits=341 deliveredEditsPerSecond=42.62 paints=264
edit-ms mean=0.243 p50=0.234 p95=0.358 max=0.610
edit-allocated-KiB mean=68.511 p50=68.484 p95=68.578 max=69.930
paint-ms mean=5.668 p50=5.750 p95=7.096 max=10.026
view=0 trace=360x225 fresh=261 freshFPS=32.62 candidateGenerationsObserved=263 overlaySerialsObserved=263 cancelled=0 wastedPaths=0 finalRevisionLatencyMs=20.175
view-0-fresh-interval-ms-including-final-hold mean=30.537 p50=30.926 p95=33.174 max=97.556
view-0-edit-to-paint-age-ms mean=75.101 p50=81.881 p95=84.524 max=85.526
view=1 trace=360x225 fresh=261 freshFPS=32.62 candidateGenerationsObserved=263 overlaySerialsObserved=263 cancelled=0 wastedPaths=0 finalRevisionLatencyMs=20.175
view-1-fresh-interval-ms-including-final-hold mean=30.537 p50=30.926 p95=33.174 max=97.556
view-1-edit-to-paint-age-ms mean=75.101 p50=81.881 p95=84.524 max=85.526
